Archive member included because of file (symbol)

c:/altera/13.0sp1/nios2eds/bin/gnu/h-i686-mingw32/bin/../lib/gcc/nios2-elf/4.1.2/../../../../nios2-elf/lib/mno-hw-mul\libsmallc.a(lib_a-printf.o)
                              obj/default/hello_world.o (printf)
c:/altera/13.0sp1/nios2eds/bin/gnu/h-i686-mingw32/bin/../lib/gcc/nios2-elf/4.1.2/../../../../nios2-elf/lib/mno-hw-mul\libsmallc.a(lib_a-puts.o)
                              obj/default/hello_world.o (puts)
c:/altera/13.0sp1/nios2eds/bin/gnu/h-i686-mingw32/bin/../lib/gcc/nios2-elf/4.1.2/../../../../nios2-elf/lib/mno-hw-mul\libsmallc.a(lib_a-strlen.o)
                              c:/altera/13.0sp1/nios2eds/bin/gnu/h-i686-mingw32/bin/../lib/gcc/nios2-elf/4.1.2/../../../../nios2-elf/lib/mno-hw-mul\libsmallc.a(lib_a-puts.o) (strlen)
c:/altera/13.0sp1/nios2eds/bin/gnu/h-i686-mingw32/bin/../lib/gcc/nios2-elf/4.1.2/../../../../nios2-elf/lib/mno-hw-mul\libsmallc.a(lib_a-vfprintf.o)
                              c:/altera/13.0sp1/nios2eds/bin/gnu/h-i686-mingw32/bin/../lib/gcc/nios2-elf/4.1.2/../../../../nios2-elf/lib/mno-hw-mul\libsmallc.a(lib_a-printf.o) (___vfprintf_internal_r)
c:/altera/13.0sp1/nios2eds/bin/gnu/h-i686-mingw32/bin/../lib/gcc/nios2-elf/4.1.2/../../../../nios2-elf/lib/mno-hw-mul\libsmallc.a(lib_a-fvwrite_small_dev.o)
                              c:/altera/13.0sp1/nios2eds/bin/gnu/h-i686-mingw32/bin/../lib/gcc/nios2-elf/4.1.2/../../../../nios2-elf/lib/mno-hw-mul\libsmallc.a(lib_a-printf.o) (__sfvwrite_small_dev)
c:/altera/13.0sp1/nios2eds/bin/gnu/h-i686-mingw32/bin/../lib/gcc/nios2-elf/4.1.2/../../../../nios2-elf/lib/mno-hw-mul\libsmallc.a(lib_a-impure.o)
                              c:/altera/13.0sp1/nios2eds/bin/gnu/h-i686-mingw32/bin/../lib/gcc/nios2-elf/4.1.2/../../../../nios2-elf/lib/mno-hw-mul\libsmallc.a(lib_a-printf.o) (_impure_ptr)
c:/altera/13.0sp1/nios2eds/bin/gnu/h-i686-mingw32/bin/../lib/gcc/nios2-elf/4.1.2/../../../../nios2-elf/lib/mno-hw-mul\libsmallc.a(lib_a-writer.o)
                              c:/altera/13.0sp1/nios2eds/bin/gnu/h-i686-mingw32/bin/../lib/gcc/nios2-elf/4.1.2/../../../../nios2-elf/lib/mno-hw-mul\libsmallc.a(lib_a-fvwrite_small_dev.o) (_write_r)
c:/altera/13.0sp1/nios2eds/bin/gnu/h-i686-mingw32/bin/../lib/gcc/nios2-elf/4.1.2/../../../../nios2-elf/lib/mno-hw-mul\libsmallc.a(lib_a-int_errno.o)
                              c:/altera/13.0sp1/nios2eds/bin/gnu/h-i686-mingw32/bin/../lib/gcc/nios2-elf/4.1.2/../../../../nios2-elf/lib/mno-hw-mul\libsmallc.a(lib_a-writer.o) (errno)
c:/altera/13.0sp1/nios2eds/bin/gnu/h-i686-mingw32/bin/../lib/gcc/nios2-elf/4.1.2/mno-hw-mul\libgcc.a(lib2-divmod.o)
                              c:/altera/13.0sp1/nios2eds/bin/gnu/h-i686-mingw32/bin/../lib/gcc/nios2-elf/4.1.2/../../../../nios2-elf/lib/mno-hw-mul\libsmallc.a(lib_a-vfprintf.o) (__udivsi3)
c:/altera/13.0sp1/nios2eds/bin/gnu/h-i686-mingw32/bin/../lib/gcc/nios2-elf/4.1.2/mno-hw-mul\libgcc.a(lib2-mul.o)
                              c:/altera/13.0sp1/nios2eds/bin/gnu/h-i686-mingw32/bin/../lib/gcc/nios2-elf/4.1.2/../../../../nios2-elf/lib/mno-hw-mul\libsmallc.a(lib_a-vfprintf.o) (__mulsi3)
../HelloWorld_bsp/\libhal_bsp.a(alt_load.o)
                              ../HelloWorld_bsp//obj/HAL/src/crt0.o (alt_load)
../HelloWorld_bsp/\libhal_bsp.a(alt_main.o)
                              ../HelloWorld_bsp//obj/HAL/src/crt0.o (alt_main)
../HelloWorld_bsp/\libhal_bsp.a(alt_write.o)
                              c:/altera/13.0sp1/nios2eds/bin/gnu/h-i686-mingw32/bin/../lib/gcc/nios2-elf/4.1.2/../../../../nios2-elf/lib/mno-hw-mul\libsmallc.a(lib_a-writer.o) (write)
../HelloWorld_bsp/\libhal_bsp.a(alt_sys_init.o)
                              ../HelloWorld_bsp/\libhal_bsp.a(alt_main.o) (alt_sys_init)
../HelloWorld_bsp/\libhal_bsp.a(altera_avalon_lcd_16207.o)
                              ../HelloWorld_bsp/\libhal_bsp.a(alt_sys_init.o) (altera_avalon_lcd_16207_init)
../HelloWorld_bsp/\libhal_bsp.a(altera_avalon_lcd_16207_fd.o)
                              ../HelloWorld_bsp/\libhal_bsp.a(alt_sys_init.o) (altera_avalon_lcd_16207_write_fd)
../HelloWorld_bsp/\libhal_bsp.a(alt_alarm_start.o)
                              ../HelloWorld_bsp/\libhal_bsp.a(altera_avalon_lcd_16207.o) (alt_alarm_start)
../HelloWorld_bsp/\libhal_bsp.a(alt_dcache_flush_all.o)
                              ../HelloWorld_bsp/\libhal_bsp.a(alt_load.o) (alt_dcache_flush_all)
../HelloWorld_bsp/\libhal_bsp.a(alt_dev.o)
                              ../HelloWorld_bsp/\libhal_bsp.a(alt_sys_init.o) (alt_dev_list)
../HelloWorld_bsp/\libhal_bsp.a(alt_dev_llist_insert.o)
                              ../HelloWorld_bsp/\libhal_bsp.a(alt_sys_init.o) (alt_dev_llist_insert)
../HelloWorld_bsp/\libhal_bsp.a(alt_errno.o)
                              ../HelloWorld_bsp/\libhal_bsp.a(alt_write.o) (alt_errno)
../HelloWorld_bsp/\libhal_bsp.a(alt_icache_flush_all.o)
                              ../HelloWorld_bsp/\libhal_bsp.a(alt_load.o) (alt_icache_flush_all)
../HelloWorld_bsp/\libhal_bsp.a(alt_io_redirect.o)
                              ../HelloWorld_bsp/\libhal_bsp.a(alt_main.o) (alt_io_redirect)
../HelloWorld_bsp/\libhal_bsp.a(alt_open.o)
                              ../HelloWorld_bsp/\libhal_bsp.a(alt_io_redirect.o) (open)
../HelloWorld_bsp/\libhal_bsp.a(alt_release_fd.o)
                              ../HelloWorld_bsp/\libhal_bsp.a(alt_io_redirect.o) (alt_release_fd)
../HelloWorld_bsp/\libhal_bsp.a(alt_tick.o)
                              ../HelloWorld_bsp/\libhal_bsp.a(alt_alarm_start.o) (alt_alarm_list)
../HelloWorld_bsp/\libhal_bsp.a(alt_usleep.o)
                              ../HelloWorld_bsp/\libhal_bsp.a(altera_avalon_lcd_16207.o) (usleep)
../HelloWorld_bsp/\libhal_bsp.a(altera_nios2_qsys_irq.o)
                              ../HelloWorld_bsp/\libhal_bsp.a(alt_sys_init.o) (altera_nios2_qsys_irq_init)
../HelloWorld_bsp/\libhal_bsp.a(alt_busy_sleep.o)
                              ../HelloWorld_bsp/\libhal_bsp.a(alt_usleep.o) (alt_busy_sleep)
../HelloWorld_bsp/\libhal_bsp.a(alt_find_dev.o)
                              ../HelloWorld_bsp/\libhal_bsp.a(alt_open.o) (alt_find_dev)
../HelloWorld_bsp/\libhal_bsp.a(alt_find_file.o)
                              ../HelloWorld_bsp/\libhal_bsp.a(alt_open.o) (alt_find_file)
../HelloWorld_bsp/\libhal_bsp.a(alt_get_fd.o)
                              ../HelloWorld_bsp/\libhal_bsp.a(alt_open.o) (alt_get_fd)
c:/altera/13.0sp1/nios2eds/bin/gnu/h-i686-mingw32/bin/../lib/gcc/nios2-elf/4.1.2/../../../../nios2-elf/lib/mno-hw-mul\libsmallc.a(lib_a-ctype_.o)
                              ../HelloWorld_bsp/\libhal_bsp.a(altera_avalon_lcd_16207.o) (__ctype_ptr)
c:/altera/13.0sp1/nios2eds/bin/gnu/h-i686-mingw32/bin/../lib/gcc/nios2-elf/4.1.2/../../../../nios2-elf/lib/mno-hw-mul\libsmallc.a(lib_a-memcmp.o)
                              ../HelloWorld_bsp/\libhal_bsp.a(alt_find_dev.o) (memcmp)
c:/altera/13.0sp1/nios2eds/bin/gnu/h-i686-mingw32/bin/../lib/gcc/nios2-elf/4.1.2/../../../../nios2-elf/lib/mno-hw-mul\libsmallc.a(lib_a-memcpy.o)
                              ../HelloWorld_bsp/\libhal_bsp.a(altera_avalon_lcd_16207.o) (memcpy)
c:/altera/13.0sp1/nios2eds/bin/gnu/h-i686-mingw32/bin/../lib/gcc/nios2-elf/4.1.2/../../../../nios2-elf/lib/mno-hw-mul\libsmallc.a(lib_a-memset.o)
                              ../HelloWorld_bsp/\libhal_bsp.a(altera_avalon_lcd_16207.o) (memset)

Allocating common symbols
Common symbol       size              file

errno               0x4               c:/altera/13.0sp1/nios2eds/bin/gnu/h-i686-mingw32/bin/../lib/gcc/nios2-elf/4.1.2/../../../../nios2-elf/lib/mno-hw-mul\libsmallc.a(lib_a-int_errno.o)

Memory Configuration

Name             Origin             Length             Attributes
reset            0x00008000         0x00000020
onchip_memory    0x00008020         0x00007fe0
*default*        0x00000000         0xffffffff

Linker script and memory map

LOAD ../HelloWorld_bsp//obj/HAL/src/crt0.o
                0x0000800c                exit = _exit
LOAD obj/default/hello_world.o
LOAD c:/altera/13.0sp1/nios2eds/bin/gnu/h-i686-mingw32/bin/../lib/gcc/nios2-elf/4.1.2/../../../../nios2-elf/lib/mno-hw-mul\libstdc++.a
LOAD c:/altera/13.0sp1/nios2eds/bin/gnu/h-i686-mingw32/bin/../lib/gcc/nios2-elf/4.1.2/../../../../nios2-elf/lib/mno-hw-mul\libm.a
LOAD c:/altera/13.0sp1/nios2eds/bin/gnu/h-i686-mingw32/bin/../lib/gcc/nios2-elf/4.1.2/mno-hw-mul\libgcc.a
START GROUP
LOAD c:/altera/13.0sp1/nios2eds/bin/gnu/h-i686-mingw32/bin/../lib/gcc/nios2-elf/4.1.2/../../../../nios2-elf/lib/mno-hw-mul\libsmallc.a
LOAD c:/altera/13.0sp1/nios2eds/bin/gnu/h-i686-mingw32/bin/../lib/gcc/nios2-elf/4.1.2/mno-hw-mul\libgcc.a
LOAD ../HelloWorld_bsp/\libhal_bsp.a
END GROUP
LOAD c:/altera/13.0sp1/nios2eds/bin/gnu/h-i686-mingw32/bin/../lib/gcc/nios2-elf/4.1.2/mno-hw-mul\libgcc.a
                0x00008000                __alt_mem_onchip_memory = 0x8000

.entry          0x00008000       0x20
 *(.entry)
 .entry         0x00008000       0x20 ../HelloWorld_bsp//obj/HAL/src/crt0.o
                0x00008000                __reset
                0x0000800c                _exit

.exceptions     0x00008020        0x0
                0x00008020                PROVIDE (__ram_exceptions_start, ABSOLUTE (.))
                0x00008020                . = ALIGN (0x20)
 *(.irq)
 *(.exceptions.entry.label)
 *(.exceptions.entry.user)
 *(.exceptions.entry)
 *(.exceptions.irqtest.user)
 *(.exceptions.irqtest)
 *(.exceptions.irqhandler.user)
 *(.exceptions.irqhandler)
 *(.exceptions.irqreturn.user)
 *(.exceptions.irqreturn)
 *(.exceptions.notirq.label)
 *(.exceptions.notirq.user)
 *(.exceptions.notirq)
 *(.exceptions.soft.user)
 *(.exceptions.soft)
 *(.exceptions.unknown.user)
 *(.exceptions.unknown)
 *(.exceptions.exit.label)
 *(.exceptions.exit.user)
 *(.exceptions.exit)
 *(.exceptions)
                0x00008020                PROVIDE (__ram_exceptions_end, ABSOLUTE (.))
                0x00008020                PROVIDE (__flash_exceptions_start, LOADADDR (.exceptions))

.text           0x00008020     0x20a0
                0x00008020                PROVIDE (stext, ABSOLUTE (.))
 *(.interp)
 *(.hash)
 *(.dynsym)
 *(.dynstr)
 *(.gnu.version)
 *(.gnu.version_d)
 *(.gnu.version_r)
 *(.rel.init)
 *(.rela.init)
 *(.rel.text .rel.text.* .rel.gnu.linkonce.t.*)
 *(.rela.text .rela.text.* .rela.gnu.linkonce.t.*)
 *(.rel.fini)
 *(.rela.fini)
 *(.rel.rodata .rel.rodata.* .rel.gnu.linkonce.r.*)
 *(.rela.rodata .rela.rodata.* .rela.gnu.linkonce.r.*)
 *(.rel.data .rel.data.* .rel.gnu.linkonce.d.*)
 *(.rela.data .rela.data.* .rela.gnu.linkonce.d.*)
 *(.rel.tdata .rel.tdata.* .rel.gnu.linkonce.td.*)
 *(.rela.tdata .rela.tdata.* .rela.gnu.linkonce.td.*)
 *(.rel.tbss .rel.tbss.* .rel.gnu.linkonce.tb.*)
 *(.rela.tbss .rela.tbss.* .rela.gnu.linkonce.tb.*)
 *(.rel.ctors)
 *(.rela.ctors)
 *(.rel.dtors)
 *(.rela.dtors)
 *(.rel.got)
 *(.rela.got)
 *(.rel.sdata .rel.sdata.* .rel.gnu.linkonce.s.*)
 *(.rela.sdata .rela.sdata.* .rela.gnu.linkonce.s.*)
 *(.rel.sbss .rel.sbss.* .rel.gnu.linkonce.sb.*)
 *(.rela.sbss .rela.sbss.* .rela.gnu.linkonce.sb.*)
 *(.rel.sdata2 .rel.sdata2.* .rel.gnu.linkonce.s2.*)
 *(.rela.sdata2 .rela.sdata2.* .rela.gnu.linkonce.s2.*)
 *(.rel.sbss2 .rel.sbss2.* .rel.gnu.linkonce.sb2.*)
 *(.rela.sbss2 .rela.sbss2.* .rela.gnu.linkonce.sb2.*)
 *(.rel.bss .rel.bss.* .rel.gnu.linkonce.b.*)
 *(.rela.bss .rela.bss.* .rela.gnu.linkonce.b.*)
 *(.rel.plt)
 *(.rela.plt)
 *(.rel.dyn)
 *(.init)
 *(.plt)
 *(.text .stub .text.* .gnu.linkonce.t.*)
 .text          0x00008020       0x3c ../HelloWorld_bsp//obj/HAL/src/crt0.o
                0x00008020                _start
 .text          0x0000805c       0x90 obj/default/hello_world.o
                0x0000805c                main
 .text          0x000080ec       0x98 c:/altera/13.0sp1/nios2eds/bin/gnu/h-i686-mingw32/bin/../lib/gcc/nios2-elf/4.1.2/../../../../nios2-elf/lib/mno-hw-mul\libsmallc.a(lib_a-printf.o)
                0x000080ec                printf
                0x00008140                _printf_r
 .text          0x00008184       0xa4 c:/altera/13.0sp1/nios2eds/bin/gnu/h-i686-mingw32/bin/../lib/gcc/nios2-elf/4.1.2/../../../../nios2-elf/lib/mno-hw-mul\libsmallc.a(lib_a-puts.o)
                0x00008184                _puts_r
                0x00008214                puts
 .text          0x00008228       0x20 c:/altera/13.0sp1/nios2eds/bin/gnu/h-i686-mingw32/bin/../lib/gcc/nios2-elf/4.1.2/../../../../nios2-elf/lib/mno-hw-mul\libsmallc.a(lib_a-strlen.o)
                0x00008228                strlen
 .text          0x00008248      0x740 c:/altera/13.0sp1/nios2eds/bin/gnu/h-i686-mingw32/bin/../lib/gcc/nios2-elf/4.1.2/../../../../nios2-elf/lib/mno-hw-mul\libsmallc.a(lib_a-vfprintf.o)
                0x000082c8                ___vfprintf_internal_r
                0x00008964                __vfprintf_internal
 .text          0x00008988       0xbc c:/altera/13.0sp1/nios2eds/bin/gnu/h-i686-mingw32/bin/../lib/gcc/nios2-elf/4.1.2/../../../../nios2-elf/lib/mno-hw-mul\libsmallc.a(lib_a-fvwrite_small_dev.o)
                0x00008988                __sfvwrite_small_dev
 .text          0x00008a44        0x0 c:/altera/13.0sp1/nios2eds/bin/gnu/h-i686-mingw32/bin/../lib/gcc/nios2-elf/4.1.2/../../../../nios2-elf/lib/mno-hw-mul\libsmallc.a(lib_a-impure.o)
 .text          0x00008a44       0x78 c:/altera/13.0sp1/nios2eds/bin/gnu/h-i686-mingw32/bin/../lib/gcc/nios2-elf/4.1.2/../../../../nios2-elf/lib/mno-hw-mul\libsmallc.a(lib_a-writer.o)
                0x00008a44                _write_r
 .text          0x00008abc        0x0 c:/altera/13.0sp1/nios2eds/bin/gnu/h-i686-mingw32/bin/../lib/gcc/nios2-elf/4.1.2/../../../../nios2-elf/lib/mno-hw-mul\libsmallc.a(lib_a-int_errno.o)
 .text          0x00008abc      0x14c c:/altera/13.0sp1/nios2eds/bin/gnu/h-i686-mingw32/bin/../lib/gcc/nios2-elf/4.1.2/mno-hw-mul\libgcc.a(lib2-divmod.o)
                0x00008b38                __divsi3
                0x00008b98                __modsi3
                0x00008bf8                __udivsi3
                0x00008c00                __umodsi3
 .text          0x00008c08       0x38 c:/altera/13.0sp1/nios2eds/bin/gnu/h-i686-mingw32/bin/../lib/gcc/nios2-elf/4.1.2/mno-hw-mul\libgcc.a(lib2-mul.o)
                0x00008c08                __mulsi3
 .text          0x00008c40       0xc4 ../HelloWorld_bsp/\libhal_bsp.a(alt_load.o)
                0x00008c40                alt_load
 .text          0x00008d04       0x44 ../HelloWorld_bsp/\libhal_bsp.a(alt_main.o)
                0x00008d04                alt_main
 .text          0x00008d48      0x110 ../HelloWorld_bsp/\libhal_bsp.a(alt_write.o)
                0x00008d48                write
 .text          0x00008e58       0x5c ../HelloWorld_bsp/\libhal_bsp.a(alt_sys_init.o)
                0x00008e58                alt_sys_init
                0x00008e94                alt_irq_init
 .text          0x00008eb4      0x9e4 ../HelloWorld_bsp/\libhal_bsp.a(altera_avalon_lcd_16207.o)
                0x000091f4                altera_avalon_lcd_16207_init
                0x00009378                altera_avalon_lcd_16207_write
 .text          0x00009898       0x28 ../HelloWorld_bsp/\libhal_bsp.a(altera_avalon_lcd_16207_fd.o)
                0x00009898                altera_avalon_lcd_16207_write_fd
 .text          0x000098c0       0x94 ../HelloWorld_bsp/\libhal_bsp.a(alt_alarm_start.o)
                0x000098c0                alt_alarm_start
 .text          0x00009954        0x4 ../HelloWorld_bsp/\libhal_bsp.a(alt_dcache_flush_all.o)
                0x00009954                alt_dcache_flush_all
 .text          0x00009958        0x8 ../HelloWorld_bsp/\libhal_bsp.a(alt_dev.o)
 .text          0x00009960       0x70 ../HelloWorld_bsp/\libhal_bsp.a(alt_dev_llist_insert.o)
                0x00009960                alt_dev_llist_insert
 .text          0x000099d0        0x0 ../HelloWorld_bsp/\libhal_bsp.a(alt_errno.o)
 .text          0x000099d0        0x4 ../HelloWorld_bsp/\libhal_bsp.a(alt_icache_flush_all.o)
                0x000099d0                alt_icache_flush_all
 .text          0x000099d4      0x110 ../HelloWorld_bsp/\libhal_bsp.a(alt_io_redirect.o)
                0x00009a4c                alt_io_redirect
 .text          0x00009ae4      0x184 ../HelloWorld_bsp/\libhal_bsp.a(alt_open.o)
                0x00009ae4                open
 .text          0x00009c68       0x68 ../HelloWorld_bsp/\libhal_bsp.a(alt_release_fd.o)
                0x00009c68                alt_release_fd
 .text          0x00009cd0       0xe0 ../HelloWorld_bsp/\libhal_bsp.a(alt_tick.o)
                0x00009cd0                alt_alarm_stop
                0x00009d04                alt_tick
 .text          0x00009db0       0x18 ../HelloWorld_bsp/\libhal_bsp.a(alt_usleep.o)
                0x00009db0                usleep
 .text          0x00009dc8        0x8 ../HelloWorld_bsp/\libhal_bsp.a(altera_nios2_qsys_irq.o)
                0x00009dc8                altera_nios2_qsys_irq_init
 .text          0x00009dd0       0x9c ../HelloWorld_bsp/\libhal_bsp.a(alt_busy_sleep.o)
                0x00009dd0                alt_busy_sleep
 .text          0x00009e6c       0x70 ../HelloWorld_bsp/\libhal_bsp.a(alt_find_dev.o)
                0x00009e6c                alt_find_dev
 .text          0x00009edc       0xbc ../HelloWorld_bsp/\libhal_bsp.a(alt_find_file.o)
                0x00009edc                alt_find_file
 .text          0x00009f98       0xa0 ../HelloWorld_bsp/\libhal_bsp.a(alt_get_fd.o)
                0x00009f98                alt_get_fd
 .text          0x0000a038        0x0 c:/altera/13.0sp1/nios2eds/bin/gnu/h-i686-mingw32/bin/../lib/gcc/nios2-elf/4.1.2/../../../../nios2-elf/lib/mno-hw-mul\libsmallc.a(lib_a-ctype_.o)
 .text          0x0000a038       0x3c c:/altera/13.0sp1/nios2eds/bin/gnu/h-i686-mingw32/bin/../lib/gcc/nios2-elf/4.1.2/../../../../nios2-elf/lib/mno-hw-mul\libsmallc.a(lib_a-memcmp.o)
                0x0000a038                memcmp
 .text          0x0000a074       0x2c c:/altera/13.0sp1/nios2eds/bin/gnu/h-i686-mingw32/bin/../lib/gcc/nios2-elf/4.1.2/../../../../nios2-elf/lib/mno-hw-mul\libsmallc.a(lib_a-memcpy.o)
                0x0000a074                memcpy
 .text          0x0000a0a0       0x20 c:/altera/13.0sp1/nios2eds/bin/gnu/h-i686-mingw32/bin/../lib/gcc/nios2-elf/4.1.2/../../../../nios2-elf/lib/mno-hw-mul\libsmallc.a(lib_a-memset.o)
                0x0000a0a0                memset
 *(.gnu.warning.*)
 *(.fini)
                0x0000a0c0                PROVIDE (__etext, ABSOLUTE (.))
                0x0000a0c0                PROVIDE (_etext, ABSOLUTE (.))
                0x0000a0c0                PROVIDE (etext, ABSOLUTE (.))
 *(.eh_frame_hdr)
                0x0000a0c0                . = ALIGN (0x4)
                0x0000a0c0                PROVIDE (__preinit_array_start, ABSOLUTE (.))
 *(.preinit_array)
                0x0000a0c0                PROVIDE (__preinit_array_end, ABSOLUTE (.))
                0x0000a0c0                PROVIDE (__init_array_start, ABSOLUTE (.))
 *(.init_array)
                0x0000a0c0                PROVIDE (__init_array_end, ABSOLUTE (.))
                0x0000a0c0                PROVIDE (__fini_array_start, ABSOLUTE (.))
 *(.fini_array)
                0x0000a0c0                PROVIDE (__fini_array_end, ABSOLUTE (.))
 *(.eh_frame)
 *(.gcc_except_table)
 *(.dynamic)
                0x0000a0c0                PROVIDE (__CTOR_LIST__, ABSOLUTE (.))
 *(.ctors)
 *(SORT(.ctors.*))
                0x0000a0c0                PROVIDE (__CTOR_END__, ABSOLUTE (.))
                0x0000a0c0                PROVIDE (__DTOR_LIST__, ABSOLUTE (.))
 *(.dtors)
 *(SORT(.dtors.*))
                0x0000a0c0                PROVIDE (__DTOR_END__, ABSOLUTE (.))
 *(.jcr)
                0x0000a0c0                . = ALIGN (0x4)

.rodata         0x0000a0c0      0x2bc
                0x0000a0c0                PROVIDE (__ram_rodata_start, ABSOLUTE (.))
                0x0000a0c0                . = ALIGN (0x4)
 *(.rodata .rodata.* .gnu.linkonce.r.*)
 .rodata        0x0000a0c0       0x18 obj/default/hello_world.o
 .rodata.str1.4
                0x0000a0d8        0x2 c:/altera/13.0sp1/nios2eds/bin/gnu/h-i686-mingw32/bin/../lib/gcc/nios2-elf/4.1.2/../../../../nios2-elf/lib/mno-hw-mul\libsmallc.a(lib_a-puts.o)
                                  0x4 (size before relaxing)
 *fill*         0x0000a0da        0x2 00
 .rodata.str1.4
                0x0000a0dc        0xf ../HelloWorld_bsp/\libhal_bsp.a(alt_main.o)
                                 0x10 (size before relaxing)
 .rodata.str1.4
                0x00000000       0x10 ../HelloWorld_bsp/\libhal_bsp.a(alt_sys_init.o)
 *fill*         0x0000a0eb        0x1 00
 .rodata.str1.4
                0x0000a0ec        0xc ../HelloWorld_bsp/\libhal_bsp.a(alt_dev.o)
 .rodata        0x0000a0f8      0x281 c:/altera/13.0sp1/nios2eds/bin/gnu/h-i686-mingw32/bin/../lib/gcc/nios2-elf/4.1.2/../../../../nios2-elf/lib/mno-hw-mul\libsmallc.a(lib_a-ctype_.o)
                0x0000a0f8                _ctype_
 *(.rodata1)
                0x0000a37c                . = ALIGN (0x4)
 *fill*         0x0000a379        0x3 00
                0x0000a37c                PROVIDE (__ram_rodata_end, ABSOLUTE (.))
                0x0000a0c0                PROVIDE (__flash_rodata_start, LOADADDR (.rodata))

.rwdata         0x0000a37c      0x3d8 load address 0x0000a754
                0x0000a37c                PROVIDE (__ram_rwdata_start, ABSOLUTE (.))
                0x0000a37c                . = ALIGN (0x4)
 *(.got.plt)
 *(.got)
 *(.data1)
 *(.data .data.* .gnu.linkonce.d.*)
 .data          0x0000a37c        0x0 ../HelloWorld_bsp//obj/HAL/src/crt0.o
 .data          0x0000a37c        0x0 obj/default/hello_world.o
 .data          0x0000a37c        0x0 c:/altera/13.0sp1/nios2eds/bin/gnu/h-i686-mingw32/bin/../lib/gcc/nios2-elf/4.1.2/../../../../nios2-elf/lib/mno-hw-mul\libsmallc.a(lib_a-printf.o)
 .data          0x0000a37c        0x0 c:/altera/13.0sp1/nios2eds/bin/gnu/h-i686-mingw32/bin/../lib/gcc/nios2-elf/4.1.2/../../../../nios2-elf/lib/mno-hw-mul\libsmallc.a(lib_a-puts.o)
 .data          0x0000a37c        0x0 c:/altera/13.0sp1/nios2eds/bin/gnu/h-i686-mingw32/bin/../lib/gcc/nios2-elf/4.1.2/../../../../nios2-elf/lib/mno-hw-mul\libsmallc.a(lib_a-strlen.o)
 .data          0x0000a37c        0x0 c:/altera/13.0sp1/nios2eds/bin/gnu/h-i686-mingw32/bin/../lib/gcc/nios2-elf/4.1.2/../../../../nios2-elf/lib/mno-hw-mul\libsmallc.a(lib_a-vfprintf.o)
 .data          0x0000a37c        0x0 c:/altera/13.0sp1/nios2eds/bin/gnu/h-i686-mingw32/bin/../lib/gcc/nios2-elf/4.1.2/../../../../nios2-elf/lib/mno-hw-mul\libsmallc.a(lib_a-fvwrite_small_dev.o)
 .data          0x0000a37c       0xe0 c:/altera/13.0sp1/nios2eds/bin/gnu/h-i686-mingw32/bin/../lib/gcc/nios2-elf/4.1.2/../../../../nios2-elf/lib/mno-hw-mul\libsmallc.a(lib_a-impure.o)
 .data          0x0000a45c        0x0 c:/altera/13.0sp1/nios2eds/bin/gnu/h-i686-mingw32/bin/../lib/gcc/nios2-elf/4.1.2/../../../../nios2-elf/lib/mno-hw-mul\libsmallc.a(lib_a-writer.o)
 .data          0x0000a45c        0x0 c:/altera/13.0sp1/nios2eds/bin/gnu/h-i686-mingw32/bin/../lib/gcc/nios2-elf/4.1.2/../../../../nios2-elf/lib/mno-hw-mul\libsmallc.a(lib_a-int_errno.o)
 .data          0x0000a45c        0x0 c:/altera/13.0sp1/nios2eds/bin/gnu/h-i686-mingw32/bin/../lib/gcc/nios2-elf/4.1.2/mno-hw-mul\libgcc.a(lib2-divmod.o)
 .data          0x0000a45c        0x0 c:/altera/13.0sp1/nios2eds/bin/gnu/h-i686-mingw32/bin/../lib/gcc/nios2-elf/4.1.2/mno-hw-mul\libgcc.a(lib2-mul.o)
 .data          0x0000a45c        0x0 ../HelloWorld_bsp/\libhal_bsp.a(alt_load.o)
 .data          0x0000a45c        0x0 ../HelloWorld_bsp/\libhal_bsp.a(alt_main.o)
 .data          0x0000a45c        0x0 ../HelloWorld_bsp/\libhal_bsp.a(alt_write.o)
 .data          0x0000a45c      0x120 ../HelloWorld_bsp/\libhal_bsp.a(alt_sys_init.o)
 .data          0x0000a57c        0x0 ../HelloWorld_bsp/\libhal_bsp.a(altera_avalon_lcd_16207.o)
 .data          0x0000a57c        0x0 ../HelloWorld_bsp/\libhal_bsp.a(altera_avalon_lcd_16207_fd.o)
 .data          0x0000a57c        0x0 ../HelloWorld_bsp/\libhal_bsp.a(alt_alarm_start.o)
 .data          0x0000a57c        0x0 ../HelloWorld_bsp/\libhal_bsp.a(alt_dcache_flush_all.o)
 .data          0x0000a57c      0x1a8 ../HelloWorld_bsp/\libhal_bsp.a(alt_dev.o)
                0x0000a57c                alt_dev_null
                0x0000a5a4                alt_fd_list
 .data          0x0000a724        0x0 ../HelloWorld_bsp/\libhal_bsp.a(alt_dev_llist_insert.o)
 .data          0x0000a724        0x0 ../HelloWorld_bsp/\libhal_bsp.a(alt_errno.o)
 .data          0x0000a724        0x0 ../HelloWorld_bsp/\libhal_bsp.a(alt_icache_flush_all.o)
 .data          0x0000a724        0x0 ../HelloWorld_bsp/\libhal_bsp.a(alt_io_redirect.o)
 .data          0x0000a724        0x0 ../HelloWorld_bsp/\libhal_bsp.a(alt_open.o)
 .data          0x0000a724        0x0 ../HelloWorld_bsp/\libhal_bsp.a(alt_release_fd.o)
 .data          0x0000a724        0x0 ../HelloWorld_bsp/\libhal_bsp.a(alt_tick.o)
 .data          0x0000a724        0x0 ../HelloWorld_bsp/\libhal_bsp.a(alt_usleep.o)
 .data          0x0000a724        0x0 ../HelloWorld_bsp/\libhal_bsp.a(altera_nios2_qsys_irq.o)
 .data          0x0000a724        0x0 ../HelloWorld_bsp/\libhal_bsp.a(alt_busy_sleep.o)
 .data          0x0000a724        0x0 ../HelloWorld_bsp/\libhal_bsp.a(alt_find_dev.o)
 .data          0x0000a724        0x0 ../HelloWorld_bsp/\libhal_bsp.a(alt_find_file.o)
 .data          0x0000a724        0x0 ../HelloWorld_bsp/\libhal_bsp.a(alt_get_fd.o)
 .data          0x0000a724        0x0 c:/altera/13.0sp1/nios2eds/bin/gnu/h-i686-mingw32/bin/../lib/gcc/nios2-elf/4.1.2/../../../../nios2-elf/lib/mno-hw-mul\libsmallc.a(lib_a-ctype_.o)
 .data          0x0000a724        0x0 c:/altera/13.0sp1/nios2eds/bin/gnu/h-i686-mingw32/bin/../lib/gcc/nios2-elf/4.1.2/../../../../nios2-elf/lib/mno-hw-mul\libsmallc.a(lib_a-memcmp.o)
 .data          0x0000a724        0x0 c:/altera/13.0sp1/nios2eds/bin/gnu/h-i686-mingw32/bin/../lib/gcc/nios2-elf/4.1.2/../../../../nios2-elf/lib/mno-hw-mul\libsmallc.a(lib_a-memcpy.o)
 .data          0x0000a724        0x0 c:/altera/13.0sp1/nios2eds/bin/gnu/h-i686-mingw32/bin/../lib/gcc/nios2-elf/4.1.2/../../../../nios2-elf/lib/mno-hw-mul\libsmallc.a(lib_a-memset.o)
                0x00012724                _gp = ABSOLUTE ((. + 0x8000))
                0x00012724                PROVIDE (gp, _gp)
 *(.rwdata .rwdata.*)
 *(.sdata .sdata.* .gnu.linkonce.s.*)
 .sdata         0x0000a724        0x8 c:/altera/13.0sp1/nios2eds/bin/gnu/h-i686-mingw32/bin/../lib/gcc/nios2-elf/4.1.2/../../../../nios2-elf/lib/mno-hw-mul\libsmallc.a(lib_a-impure.o)
                0x0000a724                _impure_ptr
                0x0000a728                _global_impure_ptr
 .sdata         0x0000a72c        0x4 ../HelloWorld_bsp/\libhal_bsp.a(altera_avalon_lcd_16207.o)
 .sdata         0x0000a730       0x14 ../HelloWorld_bsp/\libhal_bsp.a(alt_dev.o)
                0x0000a730                alt_fs_list
                0x0000a738                alt_dev_list
                0x0000a740                alt_max_fd
 .sdata         0x0000a744        0x4 ../HelloWorld_bsp/\libhal_bsp.a(alt_errno.o)
                0x0000a744                alt_errno
 .sdata         0x0000a748        0x8 ../HelloWorld_bsp/\libhal_bsp.a(alt_tick.o)
                0x0000a748                alt_alarm_list
 .sdata         0x0000a750        0x4 c:/altera/13.0sp1/nios2eds/bin/gnu/h-i686-mingw32/bin/../lib/gcc/nios2-elf/4.1.2/../../../../nios2-elf/lib/mno-hw-mul\libsmallc.a(lib_a-ctype_.o)
                0x0000a750                __ctype_ptr
 *(.sdata2 .sdata2.* .gnu.linkonce.s2.*)
                0x0000a754                . = ALIGN (0x4)
                0x0000a754                _edata = ABSOLUTE (.)
                0x0000a754                PROVIDE (edata, ABSOLUTE (.))
                0x0000a754                PROVIDE (__ram_rwdata_end, ABSOLUTE (.))
                0x0000a754                PROVIDE (__flash_rwdata_start, LOADADDR (.rwdata))

.bss            0x0000ab2c       0x18
                0x0000ab2c                __bss_start = ABSOLUTE (.)
                0x0000ab2c                PROVIDE (__sbss_start, ABSOLUTE (.))
                0x0000ab2c                PROVIDE (___sbss_start, ABSOLUTE (.))
 *(.dynsbss)
 *(.sbss .sbss.* .gnu.linkonce.sb.*)
 .sbss          0x0000ab2c        0x4 c:/altera/13.0sp1/nios2eds/bin/gnu/h-i686-mingw32/bin/../lib/gcc/nios2-elf/4.1.2/../../../../nios2-elf/lib/mno-hw-mul\libsmallc.a(lib_a-int_errno.o)
                0x0000ab2c                errno
 .sbss          0x0000ab30        0xc ../HelloWorld_bsp/\libhal_bsp.a(alt_main.o)
                0x0000ab30                alt_argc
                0x0000ab34                alt_argv
                0x0000ab38                alt_envp
 .sbss          0x0000ab3c        0x8 ../HelloWorld_bsp/\libhal_bsp.a(alt_tick.o)
                0x0000ab3c                _alt_tick_rate
                0x0000ab40                _alt_nticks
 *(.sbss2 .sbss2.* .gnu.linkonce.sb2.*)
 *(.scommon)
                0x0000ab44                PROVIDE (__sbss_end, ABSOLUTE (.))
                0x0000ab44                PROVIDE (___sbss_end, ABSOLUTE (.))
 *(.dynbss)
 *(.bss .bss.* .gnu.linkonce.b.*)
 .bss           0x0000ab44        0x0 ../HelloWorld_bsp//obj/HAL/src/crt0.o
 .bss           0x0000ab44        0x0 obj/default/hello_world.o
 .bss           0x0000ab44        0x0 c:/altera/13.0sp1/nios2eds/bin/gnu/h-i686-mingw32/bin/../lib/gcc/nios2-elf/4.1.2/../../../../nios2-elf/lib/mno-hw-mul\libsmallc.a(lib_a-printf.o)
 .bss           0x0000ab44        0x0 c:/altera/13.0sp1/nios2eds/bin/gnu/h-i686-mingw32/bin/../lib/gcc/nios2-elf/4.1.2/../../../../nios2-elf/lib/mno-hw-mul\libsmallc.a(lib_a-puts.o)
 .bss           0x0000ab44        0x0 c:/altera/13.0sp1/nios2eds/bin/gnu/h-i686-mingw32/bin/../lib/gcc/nios2-elf/4.1.2/../../../../nios2-elf/lib/mno-hw-mul\libsmallc.a(lib_a-strlen.o)
 .bss           0x0000ab44        0x0 c:/altera/13.0sp1/nios2eds/bin/gnu/h-i686-mingw32/bin/../lib/gcc/nios2-elf/4.1.2/../../../../nios2-elf/lib/mno-hw-mul\libsmallc.a(lib_a-vfprintf.o)
 .bss           0x0000ab44        0x0 c:/altera/13.0sp1/nios2eds/bin/gnu/h-i686-mingw32/bin/../lib/gcc/nios2-elf/4.1.2/../../../../nios2-elf/lib/mno-hw-mul\libsmallc.a(lib_a-fvwrite_small_dev.o)
 .bss           0x0000ab44        0x0 c:/altera/13.0sp1/nios2eds/bin/gnu/h-i686-mingw32/bin/../lib/gcc/nios2-elf/4.1.2/../../../../nios2-elf/lib/mno-hw-mul\libsmallc.a(lib_a-impure.o)
 .bss           0x0000ab44        0x0 c:/altera/13.0sp1/nios2eds/bin/gnu/h-i686-mingw32/bin/../lib/gcc/nios2-elf/4.1.2/../../../../nios2-elf/lib/mno-hw-mul\libsmallc.a(lib_a-writer.o)
 .bss           0x0000ab44        0x0 c:/altera/13.0sp1/nios2eds/bin/gnu/h-i686-mingw32/bin/../lib/gcc/nios2-elf/4.1.2/../../../../nios2-elf/lib/mno-hw-mul\libsmallc.a(lib_a-int_errno.o)
 .bss           0x0000ab44        0x0 c:/altera/13.0sp1/nios2eds/bin/gnu/h-i686-mingw32/bin/../lib/gcc/nios2-elf/4.1.2/mno-hw-mul\libgcc.a(lib2-divmod.o)
 .bss           0x0000ab44        0x0 c:/altera/13.0sp1/nios2eds/bin/gnu/h-i686-mingw32/bin/../lib/gcc/nios2-elf/4.1.2/mno-hw-mul\libgcc.a(lib2-mul.o)
 .bss           0x0000ab44        0x0 ../HelloWorld_bsp/\libhal_bsp.a(alt_load.o)
 .bss           0x0000ab44        0x0 ../HelloWorld_bsp/\libhal_bsp.a(alt_main.o)
 .bss           0x0000ab44        0x0 ../HelloWorld_bsp/\libhal_bsp.a(alt_write.o)
 .bss           0x0000ab44        0x0 ../HelloWorld_bsp/\libhal_bsp.a(alt_sys_init.o)
 .bss           0x0000ab44        0x0 ../HelloWorld_bsp/\libhal_bsp.a(altera_avalon_lcd_16207.o)
 .bss           0x0000ab44        0x0 ../HelloWorld_bsp/\libhal_bsp.a(altera_avalon_lcd_16207_fd.o)
 .bss           0x0000ab44        0x0 ../HelloWorld_bsp/\libhal_bsp.a(alt_alarm_start.o)
 .bss           0x0000ab44        0x0 ../HelloWorld_bsp/\libhal_bsp.a(alt_dcache_flush_all.o)
 .bss           0x0000ab44        0x0 ../HelloWorld_bsp/\libhal_bsp.a(alt_dev.o)
 .bss           0x0000ab44        0x0 ../HelloWorld_bsp/\libhal_bsp.a(alt_dev_llist_insert.o)
 .bss           0x0000ab44        0x0 ../HelloWorld_bsp/\libhal_bsp.a(alt_errno.o)
 .bss           0x0000ab44        0x0 ../HelloWorld_bsp/\libhal_bsp.a(alt_icache_flush_all.o)
 .bss           0x0000ab44        0x0 ../HelloWorld_bsp/\libhal_bsp.a(alt_io_redirect.o)
 .bss           0x0000ab44        0x0 ../HelloWorld_bsp/\libhal_bsp.a(alt_open.o)
 .bss           0x0000ab44        0x0 ../HelloWorld_bsp/\libhal_bsp.a(alt_release_fd.o)
 .bss           0x0000ab44        0x0 ../HelloWorld_bsp/\libhal_bsp.a(alt_tick.o)
 .bss           0x0000ab44        0x0 ../HelloWorld_bsp/\libhal_bsp.a(alt_usleep.o)
 .bss           0x0000ab44        0x0 ../HelloWorld_bsp/\libhal_bsp.a(altera_nios2_qsys_irq.o)
 .bss           0x0000ab44        0x0 ../HelloWorld_bsp/\libhal_bsp.a(alt_busy_sleep.o)
 .bss           0x0000ab44        0x0 ../HelloWorld_bsp/\libhal_bsp.a(alt_find_dev.o)
 .bss           0x0000ab44        0x0 ../HelloWorld_bsp/\libhal_bsp.a(alt_find_file.o)
 .bss           0x0000ab44        0x0 ../HelloWorld_bsp/\libhal_bsp.a(alt_get_fd.o)
 .bss           0x0000ab44        0x0 c:/altera/13.0sp1/nios2eds/bin/gnu/h-i686-mingw32/bin/../lib/gcc/nios2-elf/4.1.2/../../../../nios2-elf/lib/mno-hw-mul\libsmallc.a(lib_a-ctype_.o)
 .bss           0x0000ab44        0x0 c:/altera/13.0sp1/nios2eds/bin/gnu/h-i686-mingw32/bin/../lib/gcc/nios2-elf/4.1.2/../../../../nios2-elf/lib/mno-hw-mul\libsmallc.a(lib_a-memcmp.o)
 .bss           0x0000ab44        0x0 c:/altera/13.0sp1/nios2eds/bin/gnu/h-i686-mingw32/bin/../lib/gcc/nios2-elf/4.1.2/../../../../nios2-elf/lib/mno-hw-mul\libsmallc.a(lib_a-memcpy.o)
 .bss           0x0000ab44        0x0 c:/altera/13.0sp1/nios2eds/bin/gnu/h-i686-mingw32/bin/../lib/gcc/nios2-elf/4.1.2/../../../../nios2-elf/lib/mno-hw-mul\libsmallc.a(lib_a-memset.o)
 *(COMMON)
                0x0000ab44                . = ALIGN (0x4)
                0x0000ab44                __bss_end = ABSOLUTE (.)

.onchip_memory  0x0000ab44        0x0
                0x0000ab44                PROVIDE (_alt_partition_onchip_memory_start, ABSOLUTE (.))
 *(.onchip_memory. onchip_memory.*)
                0x0000ab44                . = ALIGN (0x4)
                0x0000ab44                PROVIDE (_alt_partition_onchip_memory_end, ABSOLUTE (.))
                0x0000ab44                _end = ABSOLUTE (.)
                0x0000ab44                end = ABSOLUTE (.)
                0x0000ab44                __alt_stack_base = ABSOLUTE (.)
                0x0000ab44                PROVIDE (_alt_partition_onchip_memory_load_addr, LOADADDR (.onchip_memory))

.stab
 *(.stab)

.stabstr
 *(.stabstr)

.stab.excl
 *(.stab.excl)

.stab.exclstr
 *(.stab.exclstr)

.stab.index
 *(.stab.index)

.stab.indexstr
 *(.stab.indexstr)

.comment        0x00000000       0x26
 *(.comment)
 .comment       0x00000000       0x26 obj/default/hello_world.o
                                 0x27 (size before relaxing)
 .comment       0x00000000       0x27 c:/altera/13.0sp1/nios2eds/bin/gnu/h-i686-mingw32/bin/../lib/gcc/nios2-elf/4.1.2/../../../../nios2-elf/lib/mno-hw-mul\libsmallc.a(lib_a-printf.o)
 .comment       0x00000000       0x27 c:/altera/13.0sp1/nios2eds/bin/gnu/h-i686-mingw32/bin/../lib/gcc/nios2-elf/4.1.2/../../../../nios2-elf/lib/mno-hw-mul\libsmallc.a(lib_a-puts.o)
 .comment       0x00000000       0x27 c:/altera/13.0sp1/nios2eds/bin/gnu/h-i686-mingw32/bin/../lib/gcc/nios2-elf/4.1.2/../../../../nios2-elf/lib/mno-hw-mul\libsmallc.a(lib_a-strlen.o)
 .comment       0x00000000       0x27 c:/altera/13.0sp1/nios2eds/bin/gnu/h-i686-mingw32/bin/../lib/gcc/nios2-elf/4.1.2/../../../../nios2-elf/lib/mno-hw-mul\libsmallc.a(lib_a-vfprintf.o)
 .comment       0x00000000       0x27 c:/altera/13.0sp1/nios2eds/bin/gnu/h-i686-mingw32/bin/../lib/gcc/nios2-elf/4.1.2/../../../../nios2-elf/lib/mno-hw-mul\libsmallc.a(lib_a-fvwrite_small_dev.o)
 .comment       0x00000000       0x27 c:/altera/13.0sp1/nios2eds/bin/gnu/h-i686-mingw32/bin/../lib/gcc/nios2-elf/4.1.2/../../../../nios2-elf/lib/mno-hw-mul\libsmallc.a(lib_a-impure.o)
 .comment       0x00000000       0x27 c:/altera/13.0sp1/nios2eds/bin/gnu/h-i686-mingw32/bin/../lib/gcc/nios2-elf/4.1.2/../../../../nios2-elf/lib/mno-hw-mul\libsmallc.a(lib_a-writer.o)
 .comment       0x00000000       0x27 c:/altera/13.0sp1/nios2eds/bin/gnu/h-i686-mingw32/bin/../lib/gcc/nios2-elf/4.1.2/../../../../nios2-elf/lib/mno-hw-mul\libsmallc.a(lib_a-int_errno.o)
 .comment       0x00000000       0x27 c:/altera/13.0sp1/nios2eds/bin/gnu/h-i686-mingw32/bin/../lib/gcc/nios2-elf/4.1.2/mno-hw-mul\libgcc.a(lib2-divmod.o)
 .comment       0x00000000       0x27 c:/altera/13.0sp1/nios2eds/bin/gnu/h-i686-mingw32/bin/../lib/gcc/nios2-elf/4.1.2/mno-hw-mul\libgcc.a(lib2-mul.o)
 .comment       0x00000000       0x27 ../HelloWorld_bsp/\libhal_bsp.a(alt_load.o)
 .comment       0x00000000       0x27 ../HelloWorld_bsp/\libhal_bsp.a(alt_main.o)
 .comment       0x00000000       0x27 ../HelloWorld_bsp/\libhal_bsp.a(alt_write.o)
 .comment       0x00000000       0x27 ../HelloWorld_bsp/\libhal_bsp.a(alt_sys_init.o)
 .comment       0x00000000       0x27 ../HelloWorld_bsp/\libhal_bsp.a(altera_avalon_lcd_16207.o)
 .comment       0x00000000       0x27 ../HelloWorld_bsp/\libhal_bsp.a(altera_avalon_lcd_16207_fd.o)
 .comment       0x00000000       0x27 ../HelloWorld_bsp/\libhal_bsp.a(alt_alarm_start.o)
 .comment       0x00000000       0x27 ../HelloWorld_bsp/\libhal_bsp.a(alt_dcache_flush_all.o)
 .comment       0x00000000       0x27 ../HelloWorld_bsp/\libhal_bsp.a(alt_dev.o)
 .comment       0x00000000       0x27 ../HelloWorld_bsp/\libhal_bsp.a(alt_dev_llist_insert.o)
 .comment       0x00000000       0x27 ../HelloWorld_bsp/\libhal_bsp.a(alt_errno.o)
 .comment       0x00000000       0x27 ../HelloWorld_bsp/\libhal_bsp.a(alt_icache_flush_all.o)
 .comment       0x00000000       0x27 ../HelloWorld_bsp/\libhal_bsp.a(alt_io_redirect.o)
 .comment       0x00000000       0x27 ../HelloWorld_bsp/\libhal_bsp.a(alt_open.o)
 .comment       0x00000000       0x27 ../HelloWorld_bsp/\libhal_bsp.a(alt_release_fd.o)
 .comment       0x00000000       0x27 ../HelloWorld_bsp/\libhal_bsp.a(alt_tick.o)
 .comment       0x00000000       0x27 ../HelloWorld_bsp/\libhal_bsp.a(alt_usleep.o)
 .comment       0x00000000       0x27 ../HelloWorld_bsp/\libhal_bsp.a(altera_nios2_qsys_irq.o)
 .comment       0x00000000       0x27 ../HelloWorld_bsp/\libhal_bsp.a(alt_busy_sleep.o)
 .comment       0x00000000       0x27 ../HelloWorld_bsp/\libhal_bsp.a(alt_find_dev.o)
 .comment       0x00000000       0x27 ../HelloWorld_bsp/\libhal_bsp.a(alt_find_file.o)
 .comment       0x00000000       0x27 ../HelloWorld_bsp/\libhal_bsp.a(alt_get_fd.o)
 .comment       0x00000000       0x27 c:/altera/13.0sp1/nios2eds/bin/gnu/h-i686-mingw32/bin/../lib/gcc/nios2-elf/4.1.2/../../../../nios2-elf/lib/mno-hw-mul\libsmallc.a(lib_a-ctype_.o)
 .comment       0x00000000       0x27 c:/altera/13.0sp1/nios2eds/bin/gnu/h-i686-mingw32/bin/../lib/gcc/nios2-elf/4.1.2/../../../../nios2-elf/lib/mno-hw-mul\libsmallc.a(lib_a-memcmp.o)
 .comment       0x00000000       0x27 c:/altera/13.0sp1/nios2eds/bin/gnu/h-i686-mingw32/bin/../lib/gcc/nios2-elf/4.1.2/../../../../nios2-elf/lib/mno-hw-mul\libsmallc.a(lib_a-memcpy.o)
 .comment       0x00000000       0x27 c:/altera/13.0sp1/nios2eds/bin/gnu/h-i686-mingw32/bin/../lib/gcc/nios2-elf/4.1.2/../../../../nios2-elf/lib/mno-hw-mul\libsmallc.a(lib_a-memset.o)

.debug
 *(.debug)

.line
 *(.line)

.debug_srcinfo
 *(.debug_srcinfo)

.debug_sfnames
 *(.debug_sfnames)

.debug_aranges  0x00000000      0x448
 *(.debug_aranges)
 .debug_aranges
                0x00000000       0x28 ../HelloWorld_bsp//obj/HAL/src/crt0.o
 .debug_aranges
                0x00000028       0x20 obj/default/hello_world.o
 .debug_aranges
                0x00000048       0x20 c:/altera/13.0sp1/nios2eds/bin/gnu/h-i686-mingw32/bin/../lib/gcc/nios2-elf/4.1.2/../../../../nios2-elf/lib/mno-hw-mul\libsmallc.a(lib_a-printf.o)
 .debug_aranges
                0x00000068       0x20 c:/altera/13.0sp1/nios2eds/bin/gnu/h-i686-mingw32/bin/../lib/gcc/nios2-elf/4.1.2/../../../../nios2-elf/lib/mno-hw-mul\libsmallc.a(lib_a-puts.o)
 .debug_aranges
                0x00000088       0x20 c:/altera/13.0sp1/nios2eds/bin/gnu/h-i686-mingw32/bin/../lib/gcc/nios2-elf/4.1.2/../../../../nios2-elf/lib/mno-hw-mul\libsmallc.a(lib_a-strlen.o)
 .debug_aranges
                0x000000a8       0x20 c:/altera/13.0sp1/nios2eds/bin/gnu/h-i686-mingw32/bin/../lib/gcc/nios2-elf/4.1.2/../../../../nios2-elf/lib/mno-hw-mul\libsmallc.a(lib_a-vfprintf.o)
 .debug_aranges
                0x000000c8       0x20 c:/altera/13.0sp1/nios2eds/bin/gnu/h-i686-mingw32/bin/../lib/gcc/nios2-elf/4.1.2/../../../../nios2-elf/lib/mno-hw-mul\libsmallc.a(lib_a-fvwrite_small_dev.o)
 .debug_aranges
                0x000000e8       0x20 c:/altera/13.0sp1/nios2eds/bin/gnu/h-i686-mingw32/bin/../lib/gcc/nios2-elf/4.1.2/../../../../nios2-elf/lib/mno-hw-mul\libsmallc.a(lib_a-writer.o)
 .debug_aranges
                0x00000108       0x20 c:/altera/13.0sp1/nios2eds/bin/gnu/h-i686-mingw32/bin/../lib/gcc/nios2-elf/4.1.2/mno-hw-mul\libgcc.a(lib2-divmod.o)
 .debug_aranges
                0x00000128       0x20 c:/altera/13.0sp1/nios2eds/bin/gnu/h-i686-mingw32/bin/../lib/gcc/nios2-elf/4.1.2/mno-hw-mul\libgcc.a(lib2-mul.o)
 .debug_aranges
                0x00000148       0x20 ../HelloWorld_bsp/\libhal_bsp.a(alt_load.o)
 .debug_aranges
                0x00000168       0x20 ../HelloWorld_bsp/\libhal_bsp.a(alt_main.o)
 .debug_aranges
                0x00000188       0x20 ../HelloWorld_bsp/\libhal_bsp.a(alt_write.o)
 .debug_aranges
                0x000001a8       0x20 ../HelloWorld_bsp/\libhal_bsp.a(alt_sys_init.o)
 .debug_aranges
                0x000001c8       0x20 ../HelloWorld_bsp/\libhal_bsp.a(altera_avalon_lcd_16207.o)
 .debug_aranges
                0x000001e8       0x20 ../HelloWorld_bsp/\libhal_bsp.a(altera_avalon_lcd_16207_fd.o)
 .debug_aranges
                0x00000208       0x20 ../HelloWorld_bsp/\libhal_bsp.a(alt_alarm_start.o)
 .debug_aranges
                0x00000228       0x20 ../HelloWorld_bsp/\libhal_bsp.a(alt_dcache_flush_all.o)
 .debug_aranges
                0x00000248       0x20 ../HelloWorld_bsp/\libhal_bsp.a(alt_dev.o)
 .debug_aranges
                0x00000268       0x20 ../HelloWorld_bsp/\libhal_bsp.a(alt_dev_llist_insert.o)
 .debug_aranges
                0x00000288       0x20 ../HelloWorld_bsp/\libhal_bsp.a(alt_icache_flush_all.o)
 .debug_aranges
                0x000002a8       0x20 ../HelloWorld_bsp/\libhal_bsp.a(alt_io_redirect.o)
 .debug_aranges
                0x000002c8       0x20 ../HelloWorld_bsp/\libhal_bsp.a(alt_open.o)
 .debug_aranges
                0x000002e8       0x20 ../HelloWorld_bsp/\libhal_bsp.a(alt_release_fd.o)
 .debug_aranges
                0x00000308       0x20 ../HelloWorld_bsp/\libhal_bsp.a(alt_tick.o)
 .debug_aranges
                0x00000328       0x20 ../HelloWorld_bsp/\libhal_bsp.a(alt_usleep.o)
 .debug_aranges
                0x00000348       0x20 ../HelloWorld_bsp/\libhal_bsp.a(altera_nios2_qsys_irq.o)
 .debug_aranges
                0x00000368       0x20 ../HelloWorld_bsp/\libhal_bsp.a(alt_busy_sleep.o)
 .debug_aranges
                0x00000388       0x20 ../HelloWorld_bsp/\libhal_bsp.a(alt_find_dev.o)
 .debug_aranges
                0x000003a8       0x20 ../HelloWorld_bsp/\libhal_bsp.a(alt_find_file.o)
 .debug_aranges
                0x000003c8       0x20 ../HelloWorld_bsp/\libhal_bsp.a(alt_get_fd.o)
 .debug_aranges
                0x000003e8       0x20 c:/altera/13.0sp1/nios2eds/bin/gnu/h-i686-mingw32/bin/../lib/gcc/nios2-elf/4.1.2/../../../../nios2-elf/lib/mno-hw-mul\libsmallc.a(lib_a-memcmp.o)
 .debug_aranges
                0x00000408       0x20 c:/altera/13.0sp1/nios2eds/bin/gnu/h-i686-mingw32/bin/../lib/gcc/nios2-elf/4.1.2/../../../../nios2-elf/lib/mno-hw-mul\libsmallc.a(lib_a-memcpy.o)
 .debug_aranges
                0x00000428       0x20 c:/altera/13.0sp1/nios2eds/bin/gnu/h-i686-mingw32/bin/../lib/gcc/nios2-elf/4.1.2/../../../../nios2-elf/lib/mno-hw-mul\libsmallc.a(lib_a-memset.o)

.debug_pubnames
                0x00000000      0x66e
 *(.debug_pubnames)
 .debug_pubnames
                0x00000000       0x1b obj/default/hello_world.o
 .debug_pubnames
                0x0000001b       0x2b c:/altera/13.0sp1/nios2eds/bin/gnu/h-i686-mingw32/bin/../lib/gcc/nios2-elf/4.1.2/../../../../nios2-elf/lib/mno-hw-mul\libsmallc.a(lib_a-printf.o)
 .debug_pubnames
                0x00000046       0x27 c:/altera/13.0sp1/nios2eds/bin/gnu/h-i686-mingw32/bin/../lib/gcc/nios2-elf/4.1.2/../../../../nios2-elf/lib/mno-hw-mul\libsmallc.a(lib_a-puts.o)
 .debug_pubnames
                0x0000006d       0x1d c:/altera/13.0sp1/nios2eds/bin/gnu/h-i686-mingw32/bin/../lib/gcc/nios2-elf/4.1.2/../../../../nios2-elf/lib/mno-hw-mul\libsmallc.a(lib_a-strlen.o)
 .debug_pubnames
                0x0000008a       0x45 c:/altera/13.0sp1/nios2eds/bin/gnu/h-i686-mingw32/bin/../lib/gcc/nios2-elf/4.1.2/../../../../nios2-elf/lib/mno-hw-mul\libsmallc.a(lib_a-vfprintf.o)
 .debug_pubnames
                0x000000cf       0x2b c:/altera/13.0sp1/nios2eds/bin/gnu/h-i686-mingw32/bin/../lib/gcc/nios2-elf/4.1.2/../../../../nios2-elf/lib/mno-hw-mul\libsmallc.a(lib_a-fvwrite_small_dev.o)
 .debug_pubnames
                0x000000fa       0x39 c:/altera/13.0sp1/nios2eds/bin/gnu/h-i686-mingw32/bin/../lib/gcc/nios2-elf/4.1.2/../../../../nios2-elf/lib/mno-hw-mul\libsmallc.a(lib_a-impure.o)
 .debug_pubnames
                0x00000133       0x1f c:/altera/13.0sp1/nios2eds/bin/gnu/h-i686-mingw32/bin/../lib/gcc/nios2-elf/4.1.2/../../../../nios2-elf/lib/mno-hw-mul\libsmallc.a(lib_a-writer.o)
 .debug_pubnames
                0x00000152       0x1c c:/altera/13.0sp1/nios2eds/bin/gnu/h-i686-mingw32/bin/../lib/gcc/nios2-elf/4.1.2/../../../../nios2-elf/lib/mno-hw-mul\libsmallc.a(lib_a-int_errno.o)
 .debug_pubnames
                0x0000016e       0x48 c:/altera/13.0sp1/nios2eds/bin/gnu/h-i686-mingw32/bin/../lib/gcc/nios2-elf/4.1.2/mno-hw-mul\libgcc.a(lib2-divmod.o)
 .debug_pubnames
                0x000001b6       0x1f c:/altera/13.0sp1/nios2eds/bin/gnu/h-i686-mingw32/bin/../lib/gcc/nios2-elf/4.1.2/mno-hw-mul\libgcc.a(lib2-mul.o)
 .debug_pubnames
                0x000001d5       0x1f ../HelloWorld_bsp/\libhal_bsp.a(alt_load.o)
 .debug_pubnames
                0x000001f4       0x46 ../HelloWorld_bsp/\libhal_bsp.a(alt_main.o)
 .debug_pubnames
                0x0000023a       0x1c ../HelloWorld_bsp/\libhal_bsp.a(alt_write.o)
 .debug_pubnames
                0x00000256       0x34 ../HelloWorld_bsp/\libhal_bsp.a(alt_sys_init.o)
 .debug_pubnames
                0x0000028a       0x55 ../HelloWorld_bsp/\libhal_bsp.a(altera_avalon_lcd_16207.o)
 .debug_pubnames
                0x000002df       0x37 ../HelloWorld_bsp/\libhal_bsp.a(altera_avalon_lcd_16207_fd.o)
 .debug_pubnames
                0x00000316       0x26 ../HelloWorld_bsp/\libhal_bsp.a(alt_alarm_start.o)
 .debug_pubnames
                0x0000033c       0x2b ../HelloWorld_bsp/\libhal_bsp.a(alt_dcache_flush_all.o)
 .debug_pubnames
                0x00000367       0x63 ../HelloWorld_bsp/\libhal_bsp.a(alt_dev.o)
 .debug_pubnames
                0x000003ca       0x2b ../HelloWorld_bsp/\libhal_bsp.a(alt_dev_llist_insert.o)
 .debug_pubnames
                0x000003f5       0x20 ../HelloWorld_bsp/\libhal_bsp.a(alt_errno.o)
 .debug_pubnames
                0x00000415       0x2b ../HelloWorld_bsp/\libhal_bsp.a(alt_icache_flush_all.o)
 .debug_pubnames
                0x00000440       0x26 ../HelloWorld_bsp/\libhal_bsp.a(alt_io_redirect.o)
 .debug_pubnames
                0x00000466       0x1b ../HelloWorld_bsp/\libhal_bsp.a(alt_open.o)
 .debug_pubnames
                0x00000481       0x25 ../HelloWorld_bsp/\libhal_bsp.a(alt_release_fd.o)
 .debug_pubnames
                0x000004a6       0x68 ../HelloWorld_bsp/\libhal_bsp.a(alt_tick.o)
 .debug_pubnames
                0x0000050e       0x1d ../HelloWorld_bsp/\libhal_bsp.a(alt_usleep.o)
 .debug_pubnames
                0x0000052b       0x31 ../HelloWorld_bsp/\libhal_bsp.a(altera_nios2_qsys_irq.o)
 .debug_pubnames
                0x0000055c       0x25 ../HelloWorld_bsp/\libhal_bsp.a(alt_busy_sleep.o)
 .debug_pubnames
                0x00000581       0x23 ../HelloWorld_bsp/\libhal_bsp.a(alt_find_dev.o)
 .debug_pubnames
                0x000005a4       0x24 ../HelloWorld_bsp/\libhal_bsp.a(alt_find_file.o)
 .debug_pubnames
                0x000005c8       0x21 ../HelloWorld_bsp/\libhal_bsp.a(alt_get_fd.o)
 .debug_pubnames
                0x000005e9       0x2e c:/altera/13.0sp1/nios2eds/bin/gnu/h-i686-mingw32/bin/../lib/gcc/nios2-elf/4.1.2/../../../../nios2-elf/lib/mno-hw-mul\libsmallc.a(lib_a-ctype_.o)
 .debug_pubnames
                0x00000617       0x1d c:/altera/13.0sp1/nios2eds/bin/gnu/h-i686-mingw32/bin/../lib/gcc/nios2-elf/4.1.2/../../../../nios2-elf/lib/mno-hw-mul\libsmallc.a(lib_a-memcmp.o)
 .debug_pubnames
                0x00000634       0x1d c:/altera/13.0sp1/nios2eds/bin/gnu/h-i686-mingw32/bin/../lib/gcc/nios2-elf/4.1.2/../../../../nios2-elf/lib/mno-hw-mul\libsmallc.a(lib_a-memcpy.o)
 .debug_pubnames
                0x00000651       0x1d c:/altera/13.0sp1/nios2eds/bin/gnu/h-i686-mingw32/bin/../lib/gcc/nios2-elf/4.1.2/../../../../nios2-elf/lib/mno-hw-mul\libsmallc.a(lib_a-memset.o)

.debug_info     0x00000000     0x727e
 *(.debug_info .gnu.linkonce.wi.*)
 .debug_info    0x00000000       0x5a ../HelloWorld_bsp//obj/HAL/src/crt0.o
 .debug_info    0x0000005a      0x13f obj/default/hello_world.o
 .debug_info    0x00000199      0x6c8 c:/altera/13.0sp1/nios2eds/bin/gnu/h-i686-mingw32/bin/../lib/gcc/nios2-elf/4.1.2/../../../../nios2-elf/lib/mno-hw-mul\libsmallc.a(lib_a-printf.o)
 .debug_info    0x00000861      0x685 c:/altera/13.0sp1/nios2eds/bin/gnu/h-i686-mingw32/bin/../lib/gcc/nios2-elf/4.1.2/../../../../nios2-elf/lib/mno-hw-mul\libsmallc.a(lib_a-puts.o)
 .debug_info    0x00000ee6       0xc2 c:/altera/13.0sp1/nios2eds/bin/gnu/h-i686-mingw32/bin/../lib/gcc/nios2-elf/4.1.2/../../../../nios2-elf/lib/mno-hw-mul\libsmallc.a(lib_a-strlen.o)
 .debug_info    0x00000fa8      0x9b6 c:/altera/13.0sp1/nios2eds/bin/gnu/h-i686-mingw32/bin/../lib/gcc/nios2-elf/4.1.2/../../../../nios2-elf/lib/mno-hw-mul\libsmallc.a(lib_a-vfprintf.o)
 .debug_info    0x0000195e      0x68e c:/altera/13.0sp1/nios2eds/bin/gnu/h-i686-mingw32/bin/../lib/gcc/nios2-elf/4.1.2/../../../../nios2-elf/lib/mno-hw-mul\libsmallc.a(lib_a-fvwrite_small_dev.o)
 .debug_info    0x00001fec      0x636 c:/altera/13.0sp1/nios2eds/bin/gnu/h-i686-mingw32/bin/../lib/gcc/nios2-elf/4.1.2/../../../../nios2-elf/lib/mno-hw-mul\libsmallc.a(lib_a-impure.o)
 .debug_info    0x00002622      0x68c c:/altera/13.0sp1/nios2eds/bin/gnu/h-i686-mingw32/bin/../lib/gcc/nios2-elf/4.1.2/../../../../nios2-elf/lib/mno-hw-mul\libsmallc.a(lib_a-writer.o)
 .debug_info    0x00002cae       0x8c c:/altera/13.0sp1/nios2eds/bin/gnu/h-i686-mingw32/bin/../lib/gcc/nios2-elf/4.1.2/../../../../nios2-elf/lib/mno-hw-mul\libsmallc.a(lib_a-int_errno.o)
 .debug_info    0x00002d3a      0x21c c:/altera/13.0sp1/nios2eds/bin/gnu/h-i686-mingw32/bin/../lib/gcc/nios2-elf/4.1.2/mno-hw-mul\libgcc.a(lib2-divmod.o)
 .debug_info    0x00002f56       0xf3 c:/altera/13.0sp1/nios2eds/bin/gnu/h-i686-mingw32/bin/../lib/gcc/nios2-elf/4.1.2/mno-hw-mul\libgcc.a(lib2-mul.o)
 .debug_info    0x00003049      0x1a1 ../HelloWorld_bsp/\libhal_bsp.a(alt_load.o)
 .debug_info    0x000031ea      0x14f ../HelloWorld_bsp/\libhal_bsp.a(alt_main.o)
 .debug_info    0x00003339      0x52c ../HelloWorld_bsp/\libhal_bsp.a(alt_write.o)
 .debug_info    0x00003865      0x587 ../HelloWorld_bsp/\libhal_bsp.a(alt_sys_init.o)
 .debug_info    0x00003dec      0x6ed ../HelloWorld_bsp/\libhal_bsp.a(altera_avalon_lcd_16207.o)
 .debug_info    0x000044d9      0x51d ../HelloWorld_bsp/\libhal_bsp.a(altera_avalon_lcd_16207_fd.o)
 .debug_info    0x000049f6      0x2e0 ../HelloWorld_bsp/\libhal_bsp.a(alt_alarm_start.o)
 .debug_info    0x00004cd6       0x8d ../HelloWorld_bsp/\libhal_bsp.a(alt_dcache_flush_all.o)
 .debug_info    0x00004d63      0x4dd ../HelloWorld_bsp/\libhal_bsp.a(alt_dev.o)
 .debug_info    0x00005240      0x1b7 ../HelloWorld_bsp/\libhal_bsp.a(alt_dev_llist_insert.o)
 .debug_info    0x000053f7       0xab ../HelloWorld_bsp/\libhal_bsp.a(alt_errno.o)
 .debug_info    0x000054a2       0x8d ../HelloWorld_bsp/\libhal_bsp.a(alt_icache_flush_all.o)
 .debug_info    0x0000552f      0x4f6 ../HelloWorld_bsp/\libhal_bsp.a(alt_io_redirect.o)
 .debug_info    0x00005a25      0x40c ../HelloWorld_bsp/\libhal_bsp.a(alt_open.o)
 .debug_info    0x00005e31      0x2dd ../HelloWorld_bsp/\libhal_bsp.a(alt_release_fd.o)
 .debug_info    0x0000610e      0x2bb ../HelloWorld_bsp/\libhal_bsp.a(alt_tick.o)
 .debug_info    0x000063c9       0xad ../HelloWorld_bsp/\libhal_bsp.a(alt_usleep.o)
 .debug_info    0x00006476       0xb7 ../HelloWorld_bsp/\libhal_bsp.a(altera_nios2_qsys_irq.o)
 .debug_info    0x0000652d       0xd4 ../HelloWorld_bsp/\libhal_bsp.a(alt_busy_sleep.o)
 .debug_info    0x00006601      0x310 ../HelloWorld_bsp/\libhal_bsp.a(alt_find_dev.o)
 .debug_info    0x00006911      0x30e ../HelloWorld_bsp/\libhal_bsp.a(alt_find_file.o)
 .debug_info    0x00006c1f      0x337 ../HelloWorld_bsp/\libhal_bsp.a(alt_get_fd.o)
 .debug_info    0x00006f56       0xa0 c:/altera/13.0sp1/nios2eds/bin/gnu/h-i686-mingw32/bin/../lib/gcc/nios2-elf/4.1.2/../../../../nios2-elf/lib/mno-hw-mul\libsmallc.a(lib_a-ctype_.o)
 .debug_info    0x00006ff6       0xef c:/altera/13.0sp1/nios2eds/bin/gnu/h-i686-mingw32/bin/../lib/gcc/nios2-elf/4.1.2/../../../../nios2-elf/lib/mno-hw-mul\libsmallc.a(lib_a-memcmp.o)
 .debug_info    0x000070e5       0xc2 c:/altera/13.0sp1/nios2eds/bin/gnu/h-i686-mingw32/bin/../lib/gcc/nios2-elf/4.1.2/../../../../nios2-elf/lib/mno-hw-mul\libsmallc.a(lib_a-memcpy.o)
 .debug_info    0x000071a7       0xd7 c:/altera/13.0sp1/nios2eds/bin/gnu/h-i686-mingw32/bin/../lib/gcc/nios2-elf/4.1.2/../../../../nios2-elf/lib/mno-hw-mul\libsmallc.a(lib_a-memset.o)

.debug_abbrev   0x00000000     0x22f6
 *(.debug_abbrev)
 .debug_abbrev  0x00000000       0x12 ../HelloWorld_bsp//obj/HAL/src/crt0.o
 .debug_abbrev  0x00000012       0x57 obj/default/hello_world.o
 .debug_abbrev  0x00000069      0x179 c:/altera/13.0sp1/nios2eds/bin/gnu/h-i686-mingw32/bin/../lib/gcc/nios2-elf/4.1.2/../../../../nios2-elf/lib/mno-hw-mul\libsmallc.a(lib_a-printf.o)
 .debug_abbrev  0x000001e2      0x180 c:/altera/13.0sp1/nios2eds/bin/gnu/h-i686-mingw32/bin/../lib/gcc/nios2-elf/4.1.2/../../../../nios2-elf/lib/mno-hw-mul\libsmallc.a(lib_a-puts.o)
 .debug_abbrev  0x00000362       0x7a c:/altera/13.0sp1/nios2eds/bin/gnu/h-i686-mingw32/bin/../lib/gcc/nios2-elf/4.1.2/../../../../nios2-elf/lib/mno-hw-mul\libsmallc.a(lib_a-strlen.o)
 .debug_abbrev  0x000003dc      0x263 c:/altera/13.0sp1/nios2eds/bin/gnu/h-i686-mingw32/bin/../lib/gcc/nios2-elf/4.1.2/../../../../nios2-elf/lib/mno-hw-mul\libsmallc.a(lib_a-vfprintf.o)
 .debug_abbrev  0x0000063f      0x179 c:/altera/13.0sp1/nios2eds/bin/gnu/h-i686-mingw32/bin/../lib/gcc/nios2-elf/4.1.2/../../../../nios2-elf/lib/mno-hw-mul\libsmallc.a(lib_a-fvwrite_small_dev.o)
 .debug_abbrev  0x000007b8      0x13f c:/altera/13.0sp1/nios2eds/bin/gnu/h-i686-mingw32/bin/../lib/gcc/nios2-elf/4.1.2/../../../../nios2-elf/lib/mno-hw-mul\libsmallc.a(lib_a-impure.o)
 .debug_abbrev  0x000008f7      0x16c c:/altera/13.0sp1/nios2eds/bin/gnu/h-i686-mingw32/bin/../lib/gcc/nios2-elf/4.1.2/../../../../nios2-elf/lib/mno-hw-mul\libsmallc.a(lib_a-writer.o)
 .debug_abbrev  0x00000a63       0x3b c:/altera/13.0sp1/nios2eds/bin/gnu/h-i686-mingw32/bin/../lib/gcc/nios2-elf/4.1.2/../../../../nios2-elf/lib/mno-hw-mul\libsmallc.a(lib_a-int_errno.o)
 .debug_abbrev  0x00000a9e       0xe0 c:/altera/13.0sp1/nios2eds/bin/gnu/h-i686-mingw32/bin/../lib/gcc/nios2-elf/4.1.2/mno-hw-mul\libgcc.a(lib2-divmod.o)
 .debug_abbrev  0x00000b7e       0x7b c:/altera/13.0sp1/nios2eds/bin/gnu/h-i686-mingw32/bin/../lib/gcc/nios2-elf/4.1.2/mno-hw-mul\libgcc.a(lib2-mul.o)
 .debug_abbrev  0x00000bf9       0xb6 ../HelloWorld_bsp/\libhal_bsp.a(alt_load.o)
 .debug_abbrev  0x00000caf       0xad ../HelloWorld_bsp/\libhal_bsp.a(alt_main.o)
 .debug_abbrev  0x00000d5c      0x138 ../HelloWorld_bsp/\libhal_bsp.a(alt_write.o)
 .debug_abbrev  0x00000e94      0x168 ../HelloWorld_bsp/\libhal_bsp.a(alt_sys_init.o)
 .debug_abbrev  0x00000ffc      0x298 ../HelloWorld_bsp/\libhal_bsp.a(altera_avalon_lcd_16207.o)
 .debug_abbrev  0x00001294      0x120 ../HelloWorld_bsp/\libhal_bsp.a(altera_avalon_lcd_16207_fd.o)
 .debug_abbrev  0x000013b4      0x179 ../HelloWorld_bsp/\libhal_bsp.a(alt_alarm_start.o)
 .debug_abbrev  0x0000152d       0x3f ../HelloWorld_bsp/\libhal_bsp.a(alt_dcache_flush_all.o)
 .debug_abbrev  0x0000156c       0xd6 ../HelloWorld_bsp/\libhal_bsp.a(alt_dev.o)
 .debug_abbrev  0x00001642      0x117 ../HelloWorld_bsp/\libhal_bsp.a(alt_dev_llist_insert.o)
 .debug_abbrev  0x00001759       0x5e ../HelloWorld_bsp/\libhal_bsp.a(alt_errno.o)
 .debug_abbrev  0x000017b7       0x3f ../HelloWorld_bsp/\libhal_bsp.a(alt_icache_flush_all.o)
 .debug_abbrev  0x000017f6      0x10e ../HelloWorld_bsp/\libhal_bsp.a(alt_io_redirect.o)
 .debug_abbrev  0x00001904      0x177 ../HelloWorld_bsp/\libhal_bsp.a(alt_open.o)
 .debug_abbrev  0x00001a7b       0xdb ../HelloWorld_bsp/\libhal_bsp.a(alt_release_fd.o)
 .debug_abbrev  0x00001b56      0x170 ../HelloWorld_bsp/\libhal_bsp.a(alt_tick.o)
 .debug_abbrev  0x00001cc6       0x5d ../HelloWorld_bsp/\libhal_bsp.a(alt_usleep.o)
 .debug_abbrev  0x00001d23       0x64 ../HelloWorld_bsp/\libhal_bsp.a(altera_nios2_qsys_irq.o)
 .debug_abbrev  0x00001d87       0x88 ../HelloWorld_bsp/\libhal_bsp.a(alt_busy_sleep.o)
 .debug_abbrev  0x00001e0f       0xed ../HelloWorld_bsp/\libhal_bsp.a(alt_find_dev.o)
 .debug_abbrev  0x00001efc       0xed ../HelloWorld_bsp/\libhal_bsp.a(alt_find_file.o)
 .debug_abbrev  0x00001fe9      0x108 ../HelloWorld_bsp/\libhal_bsp.a(alt_get_fd.o)
 .debug_abbrev  0x000020f1       0x61 c:/altera/13.0sp1/nios2eds/bin/gnu/h-i686-mingw32/bin/../lib/gcc/nios2-elf/4.1.2/../../../../nios2-elf/lib/mno-hw-mul\libsmallc.a(lib_a-ctype_.o)
 .debug_abbrev  0x00002152       0x7c c:/altera/13.0sp1/nios2eds/bin/gnu/h-i686-mingw32/bin/../lib/gcc/nios2-elf/4.1.2/../../../../nios2-elf/lib/mno-hw-mul\libsmallc.a(lib_a-memcmp.o)
 .debug_abbrev  0x000021ce       0x9d c:/altera/13.0sp1/nios2eds/bin/gnu/h-i686-mingw32/bin/../lib/gcc/nios2-elf/4.1.2/../../../../nios2-elf/lib/mno-hw-mul\libsmallc.a(lib_a-memcpy.o)
 .debug_abbrev  0x0000226b       0x8b c:/altera/13.0sp1/nios2eds/bin/gnu/h-i686-mingw32/bin/../lib/gcc/nios2-elf/4.1.2/../../../../nios2-elf/lib/mno-hw-mul\libsmallc.a(lib_a-memset.o)

.debug_line     0x00000000     0x5af0
 *(.debug_line)
 .debug_line    0x00000000       0x66 ../HelloWorld_bsp//obj/HAL/src/crt0.o
 .debug_line    0x00000066      0x21c obj/default/hello_world.o
 .debug_line    0x00000282      0x2be c:/altera/13.0sp1/nios2eds/bin/gnu/h-i686-mingw32/bin/../lib/gcc/nios2-elf/4.1.2/../../../../nios2-elf/lib/mno-hw-mul\libsmallc.a(lib_a-printf.o)
 .debug_line    0x00000540      0x2b2 c:/altera/13.0sp1/nios2eds/bin/gnu/h-i686-mingw32/bin/../lib/gcc/nios2-elf/4.1.2/../../../../nios2-elf/lib/mno-hw-mul\libsmallc.a(lib_a-puts.o)
 .debug_line    0x000007f2      0x250 c:/altera/13.0sp1/nios2eds/bin/gnu/h-i686-mingw32/bin/../lib/gcc/nios2-elf/4.1.2/../../../../nios2-elf/lib/mno-hw-mul\libsmallc.a(lib_a-strlen.o)
 .debug_line    0x00000a42      0x666 c:/altera/13.0sp1/nios2eds/bin/gnu/h-i686-mingw32/bin/../lib/gcc/nios2-elf/4.1.2/../../../../nios2-elf/lib/mno-hw-mul\libsmallc.a(lib_a-vfprintf.o)
 .debug_line    0x000010a8      0x2a9 c:/altera/13.0sp1/nios2eds/bin/gnu/h-i686-mingw32/bin/../lib/gcc/nios2-elf/4.1.2/../../../../nios2-elf/lib/mno-hw-mul\libsmallc.a(lib_a-fvwrite_small_dev.o)
 .debug_line    0x00001351      0x230 c:/altera/13.0sp1/nios2eds/bin/gnu/h-i686-mingw32/bin/../lib/gcc/nios2-elf/4.1.2/../../../../nios2-elf/lib/mno-hw-mul\libsmallc.a(lib_a-impure.o)
 .debug_line    0x00001581      0x29d c:/altera/13.0sp1/nios2eds/bin/gnu/h-i686-mingw32/bin/../lib/gcc/nios2-elf/4.1.2/../../../../nios2-elf/lib/mno-hw-mul\libsmallc.a(lib_a-writer.o)
 .debug_line    0x0000181e      0x1e2 c:/altera/13.0sp1/nios2eds/bin/gnu/h-i686-mingw32/bin/../lib/gcc/nios2-elf/4.1.2/../../../../nios2-elf/lib/mno-hw-mul\libsmallc.a(lib_a-int_errno.o)
 .debug_line    0x00001a00      0x24f c:/altera/13.0sp1/nios2eds/bin/gnu/h-i686-mingw32/bin/../lib/gcc/nios2-elf/4.1.2/mno-hw-mul\libgcc.a(lib2-divmod.o)
 .debug_line    0x00001c4f      0x11a c:/altera/13.0sp1/nios2eds/bin/gnu/h-i686-mingw32/bin/../lib/gcc/nios2-elf/4.1.2/mno-hw-mul\libgcc.a(lib2-mul.o)
 .debug_line    0x00001d69      0x273 ../HelloWorld_bsp/\libhal_bsp.a(alt_load.o)
 .debug_line    0x00001fdc      0x2c6 ../HelloWorld_bsp/\libhal_bsp.a(alt_main.o)
 .debug_line    0x000022a2      0x2bf ../HelloWorld_bsp/\libhal_bsp.a(alt_write.o)
 .debug_line    0x00002561      0x2b3 ../HelloWorld_bsp/\libhal_bsp.a(alt_sys_init.o)
 .debug_line    0x00002814      0x7e3 ../HelloWorld_bsp/\libhal_bsp.a(altera_avalon_lcd_16207.o)
 .debug_line    0x00002ff7      0x1af ../HelloWorld_bsp/\libhal_bsp.a(altera_avalon_lcd_16207_fd.o)
 .debug_line    0x000031a6      0x2a3 ../HelloWorld_bsp/\libhal_bsp.a(alt_alarm_start.o)
 .debug_line    0x00003449      0x1b5 ../HelloWorld_bsp/\libhal_bsp.a(alt_dcache_flush_all.o)
 .debug_line    0x000035fe      0x24c ../HelloWorld_bsp/\libhal_bsp.a(alt_dev.o)
 .debug_line    0x0000384a      0x236 ../HelloWorld_bsp/\libhal_bsp.a(alt_dev_llist_insert.o)
 .debug_line    0x00003a80      0x1aa ../HelloWorld_bsp/\libhal_bsp.a(alt_errno.o)
 .debug_line    0x00003c2a      0x1b5 ../HelloWorld_bsp/\libhal_bsp.a(alt_icache_flush_all.o)
 .debug_line    0x00003ddf      0x2b4 ../HelloWorld_bsp/\libhal_bsp.a(alt_io_redirect.o)
 .debug_line    0x00004093      0x2a6 ../HelloWorld_bsp/\libhal_bsp.a(alt_open.o)
 .debug_line    0x00004339       0xed ../HelloWorld_bsp/\libhal_bsp.a(alt_release_fd.o)
 .debug_line    0x00004426      0x2cb ../HelloWorld_bsp/\libhal_bsp.a(alt_tick.o)
 .debug_line    0x000046f1      0x202 ../HelloWorld_bsp/\libhal_bsp.a(alt_usleep.o)
 .debug_line    0x000048f3      0x1e7 ../HelloWorld_bsp/\libhal_bsp.a(altera_nios2_qsys_irq.o)
 .debug_line    0x00004ada      0x24a ../HelloWorld_bsp/\libhal_bsp.a(alt_busy_sleep.o)
 .debug_line    0x00004d24      0x25b ../HelloWorld_bsp/\libhal_bsp.a(alt_find_dev.o)
 .debug_line    0x00004f7f      0x26c ../HelloWorld_bsp/\libhal_bsp.a(alt_find_file.o)
 .debug_line    0x000051eb      0x277 ../HelloWorld_bsp/\libhal_bsp.a(alt_get_fd.o)
 .debug_line    0x00005462       0x81 c:/altera/13.0sp1/nios2eds/bin/gnu/h-i686-mingw32/bin/../lib/gcc/nios2-elf/4.1.2/../../../../nios2-elf/lib/mno-hw-mul\libsmallc.a(lib_a-ctype_.o)
 .debug_line    0x000054e3      0x270 c:/altera/13.0sp1/nios2eds/bin/gnu/h-i686-mingw32/bin/../lib/gcc/nios2-elf/4.1.2/../../../../nios2-elf/lib/mno-hw-mul\libsmallc.a(lib_a-memcmp.o)
 .debug_line    0x00005753      0x145 c:/altera/13.0sp1/nios2eds/bin/gnu/h-i686-mingw32/bin/../lib/gcc/nios2-elf/4.1.2/../../../../nios2-elf/lib/mno-hw-mul\libsmallc.a(lib_a-memcpy.o)
 .debug_line    0x00005898      0x258 c:/altera/13.0sp1/nios2eds/bin/gnu/h-i686-mingw32/bin/../lib/gcc/nios2-elf/4.1.2/../../../../nios2-elf/lib/mno-hw-mul\libsmallc.a(lib_a-memset.o)

.debug_frame    0x00000000      0x6e0
 *(.debug_frame)
 .debug_frame   0x00000000       0x2c obj/default/hello_world.o
 .debug_frame   0x0000002c       0x40 c:/altera/13.0sp1/nios2eds/bin/gnu/h-i686-mingw32/bin/../lib/gcc/nios2-elf/4.1.2/../../../../nios2-elf/lib/mno-hw-mul\libsmallc.a(lib_a-printf.o)
 .debug_frame   0x0000006c       0x3c c:/altera/13.0sp1/nios2eds/bin/gnu/h-i686-mingw32/bin/../lib/gcc/nios2-elf/4.1.2/../../../../nios2-elf/lib/mno-hw-mul\libsmallc.a(lib_a-puts.o)
 .debug_frame   0x000000a8       0x20 c:/altera/13.0sp1/nios2eds/bin/gnu/h-i686-mingw32/bin/../lib/gcc/nios2-elf/4.1.2/../../../../nios2-elf/lib/mno-hw-mul\libsmallc.a(lib_a-strlen.o)
 .debug_frame   0x000000c8       0x64 c:/altera/13.0sp1/nios2eds/bin/gnu/h-i686-mingw32/bin/../lib/gcc/nios2-elf/4.1.2/../../../../nios2-elf/lib/mno-hw-mul\libsmallc.a(lib_a-vfprintf.o)
 .debug_frame   0x0000012c       0x30 c:/altera/13.0sp1/nios2eds/bin/gnu/h-i686-mingw32/bin/../lib/gcc/nios2-elf/4.1.2/../../../../nios2-elf/lib/mno-hw-mul\libsmallc.a(lib_a-fvwrite_small_dev.o)
 .debug_frame   0x0000015c       0x2c c:/altera/13.0sp1/nios2eds/bin/gnu/h-i686-mingw32/bin/../lib/gcc/nios2-elf/4.1.2/../../../../nios2-elf/lib/mno-hw-mul\libsmallc.a(lib_a-writer.o)
 .debug_frame   0x00000188       0x70 c:/altera/13.0sp1/nios2eds/bin/gnu/h-i686-mingw32/bin/../lib/gcc/nios2-elf/4.1.2/mno-hw-mul\libgcc.a(lib2-divmod.o)
 .debug_frame   0x000001f8       0x20 c:/altera/13.0sp1/nios2eds/bin/gnu/h-i686-mingw32/bin/../lib/gcc/nios2-elf/4.1.2/mno-hw-mul\libgcc.a(lib2-mul.o)
 .debug_frame   0x00000218       0x28 ../HelloWorld_bsp/\libhal_bsp.a(alt_load.o)
 .debug_frame   0x00000240       0x28 ../HelloWorld_bsp/\libhal_bsp.a(alt_main.o)
 .debug_frame   0x00000268       0x2c ../HelloWorld_bsp/\libhal_bsp.a(alt_write.o)
 .debug_frame   0x00000294       0x40 ../HelloWorld_bsp/\libhal_bsp.a(alt_sys_init.o)
 .debug_frame   0x000002d4       0xf0 ../HelloWorld_bsp/\libhal_bsp.a(altera_avalon_lcd_16207.o)
 .debug_frame   0x000003c4       0x28 ../HelloWorld_bsp/\libhal_bsp.a(altera_avalon_lcd_16207_fd.o)
 .debug_frame   0x000003ec       0x20 ../HelloWorld_bsp/\libhal_bsp.a(alt_alarm_start.o)
 .debug_frame   0x0000040c       0x20 ../HelloWorld_bsp/\libhal_bsp.a(alt_dcache_flush_all.o)
 .debug_frame   0x0000042c       0x20 ../HelloWorld_bsp/\libhal_bsp.a(alt_dev.o)
 .debug_frame   0x0000044c       0x28 ../HelloWorld_bsp/\libhal_bsp.a(alt_dev_llist_insert.o)
 .debug_frame   0x00000474       0x20 ../HelloWorld_bsp/\libhal_bsp.a(alt_icache_flush_all.o)
 .debug_frame   0x00000494       0x4c ../HelloWorld_bsp/\libhal_bsp.a(alt_io_redirect.o)
 .debug_frame   0x000004e0       0x34 ../HelloWorld_bsp/\libhal_bsp.a(alt_open.o)
 .debug_frame   0x00000514       0x2c ../HelloWorld_bsp/\libhal_bsp.a(alt_release_fd.o)
 .debug_frame   0x00000540       0x3c ../HelloWorld_bsp/\libhal_bsp.a(alt_tick.o)
 .debug_frame   0x0000057c       0x28 ../HelloWorld_bsp/\libhal_bsp.a(alt_usleep.o)
 .debug_frame   0x000005a4       0x20 ../HelloWorld_bsp/\libhal_bsp.a(altera_nios2_qsys_irq.o)
 .debug_frame   0x000005c4       0x28 ../HelloWorld_bsp/\libhal_bsp.a(alt_busy_sleep.o)
 .debug_frame   0x000005ec       0x30 ../HelloWorld_bsp/\libhal_bsp.a(alt_find_dev.o)
 .debug_frame   0x0000061c       0x34 ../HelloWorld_bsp/\libhal_bsp.a(alt_find_file.o)
 .debug_frame   0x00000650       0x30 ../HelloWorld_bsp/\libhal_bsp.a(alt_get_fd.o)
 .debug_frame   0x00000680       0x20 c:/altera/13.0sp1/nios2eds/bin/gnu/h-i686-mingw32/bin/../lib/gcc/nios2-elf/4.1.2/../../../../nios2-elf/lib/mno-hw-mul\libsmallc.a(lib_a-memcmp.o)
 .debug_frame   0x000006a0       0x20 c:/altera/13.0sp1/nios2eds/bin/gnu/h-i686-mingw32/bin/../lib/gcc/nios2-elf/4.1.2/../../../../nios2-elf/lib/mno-hw-mul\libsmallc.a(lib_a-memcpy.o)
 .debug_frame   0x000006c0       0x20 c:/altera/13.0sp1/nios2eds/bin/gnu/h-i686-mingw32/bin/../lib/gcc/nios2-elf/4.1.2/../../../../nios2-elf/lib/mno-hw-mul\libsmallc.a(lib_a-memset.o)

.debug_str      0x00000000     0x1549
 *(.debug_str)
 .debug_str     0x00000000       0x12 obj/default/hello_world.o
 .debug_str     0x00000012      0x3f8 c:/altera/13.0sp1/nios2eds/bin/gnu/h-i686-mingw32/bin/../lib/gcc/nios2-elf/4.1.2/../../../../nios2-elf/lib/mno-hw-mul\libsmallc.a(lib_a-printf.o)
                                0x466 (size before relaxing)
 .debug_str     0x0000040a       0x48 c:/altera/13.0sp1/nios2eds/bin/gnu/h-i686-mingw32/bin/../lib/gcc/nios2-elf/4.1.2/../../../../nios2-elf/lib/mno-hw-mul\libsmallc.a(lib_a-puts.o)
                                0x450 (size before relaxing)
 .debug_str     0x00000452       0xe2 c:/altera/13.0sp1/nios2eds/bin/gnu/h-i686-mingw32/bin/../lib/gcc/nios2-elf/4.1.2/../../../../nios2-elf/lib/mno-hw-mul\libsmallc.a(lib_a-strlen.o)
                                0x184 (size before relaxing)
 .debug_str     0x00000534      0x162 c:/altera/13.0sp1/nios2eds/bin/gnu/h-i686-mingw32/bin/../lib/gcc/nios2-elf/4.1.2/../../../../nios2-elf/lib/mno-hw-mul\libsmallc.a(lib_a-vfprintf.o)
                                0x5af (size before relaxing)
 .debug_str     0x00000696       0x70 c:/altera/13.0sp1/nios2eds/bin/gnu/h-i686-mingw32/bin/../lib/gcc/nios2-elf/4.1.2/../../../../nios2-elf/lib/mno-hw-mul\libsmallc.a(lib_a-fvwrite_small_dev.o)
                                0x46a (size before relaxing)
 .debug_str     0x00000706       0xf8 c:/altera/13.0sp1/nios2eds/bin/gnu/h-i686-mingw32/bin/../lib/gcc/nios2-elf/4.1.2/../../../../nios2-elf/lib/mno-hw-mul\libsmallc.a(lib_a-impure.o)
                                0x45d (size before relaxing)
 .debug_str     0x000007fe       0x4f c:/altera/13.0sp1/nios2eds/bin/gnu/h-i686-mingw32/bin/../lib/gcc/nios2-elf/4.1.2/../../../../nios2-elf/lib/mno-hw-mul\libsmallc.a(lib_a-writer.o)
                                0x451 (size before relaxing)
 .debug_str     0x0000084d       0x40 c:/altera/13.0sp1/nios2eds/bin/gnu/h-i686-mingw32/bin/../lib/gcc/nios2-elf/4.1.2/../../../../nios2-elf/lib/mno-hw-mul\libsmallc.a(lib_a-int_errno.o)
                                0x177 (size before relaxing)
 .debug_str     0x0000088d      0x10b c:/altera/13.0sp1/nios2eds/bin/gnu/h-i686-mingw32/bin/../lib/gcc/nios2-elf/4.1.2/mno-hw-mul\libgcc.a(lib2-divmod.o)
                                0x1b4 (size before relaxing)
 .debug_str     0x00000998       0x37 c:/altera/13.0sp1/nios2eds/bin/gnu/h-i686-mingw32/bin/../lib/gcc/nios2-elf/4.1.2/mno-hw-mul\libgcc.a(lib2-mul.o)
                                0x175 (size before relaxing)
 .debug_str     0x000009cf      0x11a ../HelloWorld_bsp/\libhal_bsp.a(alt_load.o)
                                0x1af (size before relaxing)
 .debug_str     0x00000ae9       0x91 ../HelloWorld_bsp/\libhal_bsp.a(alt_main.o)
                                0x15c (size before relaxing)
 .debug_str     0x00000b7a      0x16b ../HelloWorld_bsp/\libhal_bsp.a(alt_write.o)
                                0x295 (size before relaxing)
 .debug_str     0x00000ce5      0x150 ../HelloWorld_bsp/\libhal_bsp.a(alt_sys_init.o)
                                0x31c (size before relaxing)
 .debug_str     0x00000e35      0x130 ../HelloWorld_bsp/\libhal_bsp.a(altera_avalon_lcd_16207.o)
                                0x347 (size before relaxing)
 .debug_str     0x00000f65       0x57 ../HelloWorld_bsp/\libhal_bsp.a(altera_avalon_lcd_16207_fd.o)
                                0x2e8 (size before relaxing)
 .debug_str     0x00000fbc       0x96 ../HelloWorld_bsp/\libhal_bsp.a(alt_alarm_start.o)
                                0x23c (size before relaxing)
 .debug_str     0x00001052       0x34 ../HelloWorld_bsp/\libhal_bsp.a(alt_dcache_flush_all.o)
                                 0xf2 (size before relaxing)
 .debug_str     0x00001086       0x50 ../HelloWorld_bsp/\libhal_bsp.a(alt_dev.o)
                                0x2a2 (size before relaxing)
 .debug_str     0x000010d6       0x42 ../HelloWorld_bsp/\libhal_bsp.a(alt_dev_llist_insert.o)
                                0x169 (size before relaxing)
 .debug_str     0x00001118       0x14 ../HelloWorld_bsp/\libhal_bsp.a(alt_errno.o)
                                 0xe2 (size before relaxing)
 .debug_str     0x0000112c       0x34 ../HelloWorld_bsp/\libhal_bsp.a(alt_icache_flush_all.o)
                                 0xf2 (size before relaxing)
 .debug_str     0x00001160       0x56 ../HelloWorld_bsp/\libhal_bsp.a(alt_io_redirect.o)
                                0x2b3 (size before relaxing)
 .debug_str     0x000011b6       0x36 ../HelloWorld_bsp/\libhal_bsp.a(alt_open.o)
                                0x1e8 (size before relaxing)
 .debug_str     0x000011ec       0x28 ../HelloWorld_bsp/\libhal_bsp.a(alt_release_fd.o)
                                0x185 (size before relaxing)
 .debug_str     0x00001214       0x4a ../HelloWorld_bsp/\libhal_bsp.a(alt_tick.o)
                                0x210 (size before relaxing)
 .debug_str     0x0000125e       0x27 ../HelloWorld_bsp/\libhal_bsp.a(alt_usleep.o)
                                 0xe5 (size before relaxing)
 .debug_str     0x00001285       0x3b ../HelloWorld_bsp/\libhal_bsp.a(altera_nios2_qsys_irq.o)
                                0x122 (size before relaxing)
 .debug_str     0x000012c0       0x42 ../HelloWorld_bsp/\libhal_bsp.a(alt_busy_sleep.o)
                                0x108 (size before relaxing)
 .debug_str     0x00001302       0x24 ../HelloWorld_bsp/\libhal_bsp.a(alt_find_dev.o)
                                0x189 (size before relaxing)
 .debug_str     0x00001326       0x26 ../HelloWorld_bsp/\libhal_bsp.a(alt_find_file.o)
                                0x197 (size before relaxing)
 .debug_str     0x0000134c       0x30 ../HelloWorld_bsp/\libhal_bsp.a(alt_get_fd.o)
                                0x1b9 (size before relaxing)
 .debug_str     0x0000137c       0xea c:/altera/13.0sp1/nios2eds/bin/gnu/h-i686-mingw32/bin/../lib/gcc/nios2-elf/4.1.2/../../../../nios2-elf/lib/mno-hw-mul\libsmallc.a(lib_a-ctype_.o)
                                0x119 (size before relaxing)
 .debug_str     0x00001466       0x45 c:/altera/13.0sp1/nios2eds/bin/gnu/h-i686-mingw32/bin/../lib/gcc/nios2-elf/4.1.2/../../../../nios2-elf/lib/mno-hw-mul\libsmallc.a(lib_a-memcmp.o)
                                0x17e (size before relaxing)
 .debug_str     0x000014ab       0x59 c:/altera/13.0sp1/nios2eds/bin/gnu/h-i686-mingw32/bin/../lib/gcc/nios2-elf/4.1.2/../../../../nios2-elf/lib/mno-hw-mul\libsmallc.a(lib_a-memcpy.o)
                                0x129 (size before relaxing)
 .debug_str     0x00001504       0x45 c:/altera/13.0sp1/nios2eds/bin/gnu/h-i686-mingw32/bin/../lib/gcc/nios2-elf/4.1.2/../../../../nios2-elf/lib/mno-hw-mul\libsmallc.a(lib_a-memset.o)
                                0x17e (size before relaxing)

.debug_loc      0x00000000     0x20d4
 *(.debug_loc)
 .debug_loc     0x00000000       0x2b obj/default/hello_world.o
 .debug_loc     0x0000002b       0x8d c:/altera/13.0sp1/nios2eds/bin/gnu/h-i686-mingw32/bin/../lib/gcc/nios2-elf/4.1.2/../../../../nios2-elf/lib/mno-hw-mul\libsmallc.a(lib_a-printf.o)
 .debug_loc     0x000000b8       0xa2 c:/altera/13.0sp1/nios2eds/bin/gnu/h-i686-mingw32/bin/../lib/gcc/nios2-elf/4.1.2/../../../../nios2-elf/lib/mno-hw-mul\libsmallc.a(lib_a-puts.o)
 .debug_loc     0x0000015a       0x1e c:/altera/13.0sp1/nios2eds/bin/gnu/h-i686-mingw32/bin/../lib/gcc/nios2-elf/4.1.2/../../../../nios2-elf/lib/mno-hw-mul\libsmallc.a(lib_a-strlen.o)
 .debug_loc     0x00000178      0x878 c:/altera/13.0sp1/nios2eds/bin/gnu/h-i686-mingw32/bin/../lib/gcc/nios2-elf/4.1.2/../../../../nios2-elf/lib/mno-hw-mul\libsmallc.a(lib_a-vfprintf.o)
 .debug_loc     0x000009f0      0x162 c:/altera/13.0sp1/nios2eds/bin/gnu/h-i686-mingw32/bin/../lib/gcc/nios2-elf/4.1.2/../../../../nios2-elf/lib/mno-hw-mul\libsmallc.a(lib_a-fvwrite_small_dev.o)
 .debug_loc     0x00000b52       0x97 c:/altera/13.0sp1/nios2eds/bin/gnu/h-i686-mingw32/bin/../lib/gcc/nios2-elf/4.1.2/../../../../nios2-elf/lib/mno-hw-mul\libsmallc.a(lib_a-writer.o)
 .debug_loc     0x00000be9      0x1d2 c:/altera/13.0sp1/nios2eds/bin/gnu/h-i686-mingw32/bin/../lib/gcc/nios2-elf/4.1.2/mno-hw-mul\libgcc.a(lib2-divmod.o)
 .debug_loc     0x00000dbb       0x4f c:/altera/13.0sp1/nios2eds/bin/gnu/h-i686-mingw32/bin/../lib/gcc/nios2-elf/4.1.2/mno-hw-mul\libgcc.a(lib2-mul.o)
 .debug_loc     0x00000e0a       0xeb ../HelloWorld_bsp/\libhal_bsp.a(alt_load.o)
 .debug_loc     0x00000ef5       0x1f ../HelloWorld_bsp/\libhal_bsp.a(alt_main.o)
 .debug_loc     0x00000f14      0x123 ../HelloWorld_bsp/\libhal_bsp.a(alt_write.o)
 .debug_loc     0x00001037       0x51 ../HelloWorld_bsp/\libhal_bsp.a(alt_sys_init.o)
 .debug_loc     0x00001088      0x854 ../HelloWorld_bsp/\libhal_bsp.a(altera_avalon_lcd_16207.o)
 .debug_loc     0x000018dc       0x63 ../HelloWorld_bsp/\libhal_bsp.a(altera_avalon_lcd_16207_fd.o)
 .debug_loc     0x0000193f       0x39 ../HelloWorld_bsp/\libhal_bsp.a(alt_alarm_start.o)
 .debug_loc     0x00001978       0x5b ../HelloWorld_bsp/\libhal_bsp.a(alt_dev_llist_insert.o)
 .debug_loc     0x000019d3      0x139 ../HelloWorld_bsp/\libhal_bsp.a(alt_io_redirect.o)
 .debug_loc     0x00001b0c      0x1fe ../HelloWorld_bsp/\libhal_bsp.a(alt_open.o)
 .debug_loc     0x00001d0a       0x48 ../HelloWorld_bsp/\libhal_bsp.a(alt_release_fd.o)
 .debug_loc     0x00001d52       0x66 ../HelloWorld_bsp/\libhal_bsp.a(alt_tick.o)
 .debug_loc     0x00001db8       0x32 ../HelloWorld_bsp/\libhal_bsp.a(alt_usleep.o)
 .debug_loc     0x00001dea       0x6e ../HelloWorld_bsp/\libhal_bsp.a(alt_busy_sleep.o)
 .debug_loc     0x00001e58       0x81 ../HelloWorld_bsp/\libhal_bsp.a(alt_find_dev.o)
 .debug_loc     0x00001ed9       0x84 ../HelloWorld_bsp/\libhal_bsp.a(alt_find_file.o)
 .debug_loc     0x00001f5d       0x9a ../HelloWorld_bsp/\libhal_bsp.a(alt_get_fd.o)
 .debug_loc     0x00001ff7       0x70 c:/altera/13.0sp1/nios2eds/bin/gnu/h-i686-mingw32/bin/../lib/gcc/nios2-elf/4.1.2/../../../../nios2-elf/lib/mno-hw-mul\libsmallc.a(lib_a-memcmp.o)
 .debug_loc     0x00002067       0x1e c:/altera/13.0sp1/nios2eds/bin/gnu/h-i686-mingw32/bin/../lib/gcc/nios2-elf/4.1.2/../../../../nios2-elf/lib/mno-hw-mul\libsmallc.a(lib_a-memcpy.o)
 .debug_loc     0x00002085       0x4f c:/altera/13.0sp1/nios2eds/bin/gnu/h-i686-mingw32/bin/../lib/gcc/nios2-elf/4.1.2/../../../../nios2-elf/lib/mno-hw-mul\libsmallc.a(lib_a-memset.o)

.debug_macinfo
 *(.debug_macinfo)

.debug_weaknames
 *(.debug_weaknames)

.debug_funcnames
 *(.debug_funcnames)

.debug_typenames
 *(.debug_typenames)

.debug_varnames
 *(.debug_varnames)

.debug_alt_sim_info
                0x00000000       0x40
 *(.debug_alt_sim_info)
 .debug_alt_sim_info
                0x00000000       0x10 ../HelloWorld_bsp//obj/HAL/src/crt0.o
 .debug_alt_sim_info
                0x00000010       0x30 ../HelloWorld_bsp/\libhal_bsp.a(alt_busy_sleep.o)
                0x00010000                __alt_data_end = 0x10000
                0x00010000                PROVIDE (__alt_stack_pointer, __alt_data_end)
                0x0000ab44                PROVIDE (__alt_stack_limit, __alt_stack_base)
                0x0000ab44                PROVIDE (__alt_heap_start, end)
                0x00010000                PROVIDE (__alt_heap_limit, 0x10000)
OUTPUT(HelloWorld.elf elf32-littlenios2)

.debug_ranges   0x00000000      0x1f0
 .debug_ranges  0x00000000       0x20 ../HelloWorld_bsp//obj/HAL/src/crt0.o
 .debug_ranges  0x00000020      0x140 c:/altera/13.0sp1/nios2eds/bin/gnu/h-i686-mingw32/bin/../lib/gcc/nios2-elf/4.1.2/../../../../nios2-elf/lib/mno-hw-mul\libsmallc.a(lib_a-vfprintf.o)
 .debug_ranges  0x00000160       0x48 ../HelloWorld_bsp/\libhal_bsp.a(alt_load.o)
 .debug_ranges  0x000001a8       0x18 ../HelloWorld_bsp/\libhal_bsp.a(altera_avalon_lcd_16207.o)
 .debug_ranges  0x000001c0       0x30 ../HelloWorld_bsp/\libhal_bsp.a(alt_open.o)
